<!DOCTYPE html>
<html>

<head>
  <meta charset="utf-8">
  <meta http-equiv="X-UA-Compatible" content="IE=edge">
  <meta name="generator" content="MarkBind 5.4.0">
  <meta name="viewport" content="width=device-width, initial-scale=1">
  <link rel="stylesheet" href="/markbind/css/bootstrap.min.css">
  <link rel="stylesheet" href="/markbind/fontawesome/css/all.min.css">
  <link rel="stylesheet" href="/markbind/css/codeblock-dark.min.css">
  <link rel="stylesheet" href="/markbind/css/markbind.min.css">
  <link rel="stylesheet" href="/plugins/markbind-plugin-anchors/markbind-plugin-anchors.css">
  <link rel="stylesheet" href="/plugins/markbind-plugin-tree/markbind-plugin-tree.css">

  <link rel="stylesheet" href="/stylesheets/main.css">
</head>
<script>
  const baseUrl = ''
</script>

<body>
  <div id="app">
    <header sticky>
      <navbar placement="top" type="dark">
        <template #brand><a href="/index.html" title="Home" class="navbar-brand">
            <i class="fa-solid fa-house"></i></a></template>
        <li><a href="/index.html" class="nav-link">HOME</a></li>
        <li><a href="/about.html" class="nav-link">ABOUT</a></li>
        <template #right>
          <li>
            <form class="navbar-form">
              <searchbar :data="searchData" placeholder="Search" :on-hit="searchCallback" menu-align-right></searchbar>
            </form>
          </li>
        </template>
      </navbar>
    </header>
    <div id="flex-body">
      <overlay-source id="site-nav" tag-name="nav" to="site-nav">
        <div class="site-nav-top">
          <div class="fw-bold mb-2" style="font-size: 1.25rem;">Contents</div>
        </div>
        <div class="nav-component slim-scroll">
          <site-nav>
            <overlay-source class="site-nav-list site-nav-list-root" tag-name="ul" to="mb-site-nav">
              <li>
                <div class="site-nav-default-list-item site-nav-list-item-0" onclick="handleSiteNavClick(this)"><a href="/404.html">404</a></div>
              </li>
              <li>
                <div class="site-nav-default-list-item site-nav-list-item-0" onclick="handleSiteNavClick(this)"><a href="/Home.html">Home</a></div>
              </li>
              <li>
                <div class="site-nav-default-list-item site-nav-list-item-0" onclick="handleSiteNavClick(this)"><a href="/Page-1.html">Page 1</a></div>
              </li>
              <li>
                <div class="site-nav-default-list-item site-nav-list-item-0" onclick="handleSiteNavClick(this)"><a href="/README.html">README</a></div>
              </li>
              <li>
                <div class="site-nav-default-list-item site-nav-list-item-0" onclick="handleSiteNavClick(this)"><a href="/contents/topic1.html">Topic 1</a></div>
              </li>
              <li>
                <div class="site-nav-default-list-item site-nav-list-item-0" onclick="handleSiteNavClick(this)"><a href="/contents/topic2.html">Topic 2</a></div>
              </li>
              <li>
                <div class="site-nav-default-list-item site-nav-list-item-0" onclick="handleSiteNavClick(this)"><a href="/contents/topic3a.html">Topic 3 A</a></div>
              </li>
              <li>
                <div class="site-nav-default-list-item site-nav-list-item-0" onclick="handleSiteNavClick(this)"><a href="/contents/topic3b.html">Topic 3 B</a></div>
              </li>
              <li>
                <div class="site-nav-default-list-item site-nav-list-item-0" onclick="handleSiteNavClick(this)"><a href="/index.html">Index</a></div>
              </li>
              <li>
                <div class="site-nav-default-list-item site-nav-list-item-0" onclick="handleSiteNavClick(this)"><a href="/test_folder/extra_1.html">Extra 1</a></div>
              </li>
              <li>
                <div class="site-nav-default-list-item site-nav-list-item-0" onclick="handleSiteNavClick(this)"><a href="/test_folder/extra_2.html">Extra 2</a></div>
              </li>
              <li>
                <div class="site-nav-default-list-item site-nav-list-item-0" onclick="handleSiteNavClick(this)"><a href="/test_folder/extra_3.html">Extra 3</a></div>
              </li>
            </overlay-source>
          </site-nav>
        </div>
      </overlay-source>
      <div id="content-wrapper">
        <breadcrumb></breadcrumb>
        <br>
        <box>
          <span class="fas fa-tools"></span><span> This is a placeholder page</span>
        </box>
      </div>
      <overlay-source id="page-nav" tag-name="nav" to="page-nav">
        <div class="nav-component slim-scroll">
        </div>
      </overlay-source>
      <scroll-top-button></scroll-top-button>
    </div>
    <footer>

      <div class="text-center">
        <small>[Generated by <a href="https://markbind.org/">MarkBind 5.4.0</a>]</small>
      </div>
    </footer>
  </div>
</body>
<script src="/markbind/js/bootstrap-utility.min.js"></script>
<script src="/markbind/js/polyfill.min.js"></script>
<script src="/markbind/js/vue.min.js"></script>
<script src="/markbind/js/markbind.min.js"></script>
<script src="topic2.page-vue-render.js"></script>
<script>
  MarkBind.setupWithSearch()
</script>

</html>