<!DOCTYPE html>
<html>

<head>

  <meta charset="utf-8">
  <meta http-equiv="X-UA-Compatible" content="IE=edge">
  <meta name="generator" content="MarkBind 2.13.1">
  <meta name="viewport" content="width=device-width, initial-scale=1">
  <title>Hello World</title>
  <link rel="stylesheet" href="markbind/css/bootstrap.min.css">
  <link rel="stylesheet" href="markbind/css/bootstrap-vue.min.css">
  <link rel="stylesheet" href="markbind/fontawesome/css/all.min.css">
  <link rel="stylesheet" href="markbind/glyphicons/css/bootstrap-glyphicons.min.css">
  <link rel="stylesheet" href="markbind/css/octicons.css">
  <link rel="stylesheet" href="markbind/css/github.min.css">
  <link rel="stylesheet" href="markbind/css/markbind.css">
  <link rel="stylesheet" href="markbind/layouts/default/styles.css">
  <link rel="stylesheet" href="markbind/css/site-nav.css">
</head>

<body>
  <div id="app">
    <header></header>
    <div id="flex-body">
      <nav id="site-nav" class="navbar navbar-light bg-transparent">
        <div class="border-right-grey nav-inner position-sticky slim-scroll"></div>
      </nav>
      <div id="content-wrapper">
        <h1 id="welcome-to-markbind">Welcome to Markbind<a class="fa fa-anchor" href="#welcome-to-markbind"></a></h1>
        <p>This is a minimalistic template. To learn more about authoring contents in Markbind, visit the <a href="https://markbind.org/userGuide/authoringContents.html">User Guide</a>.</p>
      </div>
    </div>
    <footer>

      <div class="text-center">
        <small>[Generated by <a href="https://markbind.org/">MarkBind 2.13.1</a>]</small></div>
    </footer>
  </div>
</body>
<script src="markbind/js/vue.min.js"></script>
<script src="markbind/js/vue-strap.min.js"></script>
<script src="markbind/js/bootstrap-utility.min.js"></script>
<script src="markbind/js/polyfill.min.js"></script>
<script src="markbind/js/bootstrap-vue.min.js"></script>
<script>
  const baseUrl = ''
  const enableSearch = true
</script>
<script src="markbind/js/setup.js"></script>
<script src="markbind/layouts/default/scripts.js"></script>

</html>