<!DOCTYPE html>
<html>
<head>
    <meta charset="utf-8">
    <meta http-equiv="X-UA-Compatible" content="IE=edge">
    <meta name="viewport" content="width=device-width, initial-scale=1">
    <title></title>
    <link rel="stylesheet" href="..\markbind\css\bootstrap.min.css">
    <link rel="stylesheet" href="..\markbind\css\github.min.css">
    <link rel="stylesheet" href="..\markbind\css\markbind.css">
</head>
<body>
<div id="app" class="container-fluid">
    <p>This is a page from another Markbind site.</p>
<h2 id="feature-list">Feature list</h2>
<p>It is a list of features (or functionalities) grouped according to some criteria such as priority (e.g. must-have, nice-to-have, etc. ), order of delivery, object or process related (e.g. order-related, invoice-related, etc.). Here is a sample feature
  list from Minesweeper (only a brief description has been provided to save space).</p>
<ol>
  <li>Basic play – Single player play.</li>
  <li>Difficulty levels – Additional Medium and Advanced levels.</li>
  <li>Versus play – Two players can play against each other.</li>
  <li>Timer – Additional fixed time restriction on the player.</li>
</ol>
<img src="/test_site/sub_site/images/I'm not allowed to use my favorite tool.png">
</div>
</body>
<script src="..\markbind\js\vue.min.js"></script>
<script src="..\markbind\js\vue-strap.min.js"></script>
<script src="..\markbind\js\setup.js"></script>
</html>
