<p>This is a page from another Markbind site.
  The purpose of this page is to ensure that reuse works as expected.
  All the following images should display correctly.</p>
<p>IMG tags:
  <img src="/test_site/sub_site/images/I'm not allowed to use my favorite tool.png">
  <img src="/test_site/sub_site/images/I'm not allowed to use my favorite tool.png">
  <img src="/test_site/sub_site/images/I'm not allowed to use my favorite tool.png">
  <img src="/test_site/sub_site/images/I'm not allowed to use my favorite tool.png">
  <img src="https://dummyimage.com/600x400/000/fff"></p>
<p>PIC tags:
  <pic src="/test_site/sub_site/images/I'm not allowed to use my favorite tool.png"></pic>
  <pic src="/test_site/sub_site/images/I'm not allowed to use my favorite tool.png"></pic>
  <pic src="/test_site/sub_site/images/I'm not allowed to use my favorite tool.png"></pic>
  <pic src="/test_site/sub_site/images/I'm not allowed to use my favorite tool.png"></pic>
  <pic src="https://dummyimage.com/600x400/000/fff"></pic>
</p>
<p>Anchor:
  <a href="https://dummyimage.com/600x400/000/fff">External Image</a></p>

<p><a href="/test_site/sub_site/images/I'm%20not%20allowed%20to%20use%20my%20favorite%20tool.png">Link to picture</a>
  <a id="namedAnchor">Named Anchor</a>
  <a>Anchor with no attributes</a></p>
<p>Within DIV tag:</p>
<div id="imageTest">
  <img src="/test_site/sub_site/images/I'm not allowed to use my favorite tool.png">
  <pic src="/test_site/sub_site/images/I'm not allowed to use my favorite tool.png"></pic>
</div>