{
  "enableSearch": true,
  "pages": [
    {
      "src": "404.md",
      "title": "Page not found",
      "headings": {},
      "headingKeywords": {}
    },
    {
      "src": "Home.md",
      "title": "",
      "headings": {},
      "headingKeywords": {}
    },
    {
      "src": "Page-1.md",
      "title": "",
      "headings": {
        "page-1": "Page 1"
      },
      "headingKeywords": {}
    },
    {
      "src": "README.md",
      "title": "",
      "headings": {
        "readme": "Readme"
      },
      "headingKeywords": {}
    },
    {
      "src": "about.md",
      "title": "",
      "headings": {
        "about": "About"
      },
      "headingKeywords": {}
    },
    {
      "src": "contents/topic1.md",
      "title": "",
      "headings": {
        "topic-1": "Topic 1"
      },
      "headingKeywords": {}
    },
    {
      "src": "contents/topic2.md",
      "title": "",
      "headings": {},
      "headingKeywords": {}
    },
    {
      "src": "contents/topic3a.md",
      "title": "",
      "headings": {},
      "headingKeywords": {}
    },
    {
      "src": "contents/topic3b.md",
      "title": "",
      "headings": {},
      "headingKeywords": {}
    },
    {
      "src": "index.md",
      "title": "Landing Page",
      "headings": {
        "readme": "Readme"
      },
      "headingKeywords": {}
    },
    {
      "src": "test_folder/extra_1.md",
      "title": "",
      "headings": {
        "sample-content-in-another-folder-which-is-not-named-content": "Sample content in another folder which is not named content"
      },
      "headingKeywords": {}
    },
    {
      "src": "test_folder/extra_2.md",
      "title": "",
      "headings": {
        "sample-content-in-another-folder-which-is-not-named-content": "Sample content in another folder which is not named content"
      },
      "headingKeywords": {}
    },
    {
      "src": "test_folder/extra_3.md",
      "title": "",
      "headings": {
        "sample-content-in-another-folder-which-is-not-named-content": "Sample content in another folder which is not named content"
      },
      "headingKeywords": {}
    }
  ]
}
