<!DOCTYPE html>
<html>

<head>
  <meta name="default-head-top">
  <meta charset="utf-8">
  <meta http-equiv="X-UA-Compatible" content="IE=edge">
  <meta name="generator" content="MarkBind 2.15.2">
  <meta name="viewport" content="width=device-width, initial-scale=1">
  <title>Hello World</title>
  <link rel="stylesheet" href="markbind/css/bootstrap.min.css">
  <link rel="stylesheet" href="markbind/css/bootstrap-vue.min.css">
  <link rel="stylesheet" href="markbind/fontawesome/css/all.min.css">
  <link rel="stylesheet" href="markbind/glyphicons/css/bootstrap-glyphicons.min.css">
  <link rel="stylesheet" href="markbind/css/octicons.css">
  <link rel="stylesheet" href="markbind/css/github.min.css">
  <link rel="stylesheet" href="markbind/css/markbind.min.css">
  <script src="markbind/js/polyfill.min.js"></script>
  <script src="markbind/js/vue.min.js"></script>
  <script src="markbind/js/markbind.min.js"></script>
  <script src="markbind/js/jquery.min.js"></script>
  <link rel="stylesheet" href="/test_site/plugins/testMarkbindPlugin/testMarkbindPluginStylesheet.css">
  <link rel="stylesheet" href="/test_site/plugins/markbind-plugin-anchors/markbind-plugin-anchors.css">
  <link rel="stylesheet" href="markbind/layouts/default/styles.css">
  <meta name="default-head-bottom">
  <link rel="icon" href="/test_site/favicon.png">
</head>

<body>
  <div id="app">
    <div id="flex-body">
      <div id="content-wrapper">

        <navbar type="dark" class="temp-navbar">
          <li><a href="/" class="nav-link">One</a></li>
          <li><a href="/" class="nav-link">Two</a></li>
          <div class="nav-link temp-dropdown-placeholder">Dropdown</div>
          <dropdown class="nav-link temp-dropdown"><template slot="_header">Dropdown</template>
            <li><a class="dropdown-item" href="/">Dropdown One</a></li>
            <li><a class="dropdown-item" href="/">Dropdown Two</a></li>
          </dropdown>
        </navbar>

        <p><strong>Test dropdown in body with text and class attributes</strong></p>
        <div class="test-class temp-dropdown-placeholder">Test One</div>
        <dropdown class="test-class temp-dropdown"><template slot="_header">Test One</template>
          <li><a class="dropdown-item" href="/">Dropdown One</a></li>
          <li><a class="dropdown-item" href="/">Dropdown Two</a></li>
        </dropdown>

        <p><strong>Test dropdown in body without text and class attributes</strong></p>
        <div class="temp-dropdown-placeholder"></div>
        <dropdown class="temp-dropdown">
          <button slot="button" type="button" class="btn dropdown-toggle">
            Test Two
            <span class="caret"></span></button>
          <li><a class="dropdown-item" href="/">Dropdown One</a></li>
          <li><a class="dropdown-item" href="/">Dropdown Two</a></li>
        </dropdown>

        <p><strong>Filler text</strong></p>
        <p><br><br><br><br><br><br><br><br><br><br><br><br><br><br><br><br></p>
        <p>Some text</p>
      </div>


    </div>
    <footer>
      <div class="text-center">
        Default footer
      </div>
    </footer>
  </div>
</body>
<script src="markbind/js/bootstrap-utility.min.js"></script>
<script>
  const baseUrl = '/test_site'
  MarkBind.setupWithSearch()
</script>
<script src="/test_site/plugins/testMarkbindPlugin/testMarkbindPluginScript.js"></script>
<script>
  alert("Inline plugin script loaded!")
</script>

<!-- Global site tag (gtag.js) - Google Analytics -->
<script async src="https://www.googletagmanager.com/gtag/js?id=TRACKING-ID"></script>
<script>
  window.dataLayer = window.dataLayer || [];

  function gtag() {
    dataLayer.push(arguments);
  }
  gtag('js', new Date());

  gtag('config', 'TRACKING-ID');
</script>
<script src="markbind/layouts/default/scripts.js"></script>
<script>
  if (MarkBind.AfterSetup) MarkBind.AfterSetup()
</script>

</html>