{
  "enableSearch": true,
  "pages": [
    {
      "headings": {},
      "src": "index.md",
      "title": "Hello World",
      "layout": "default"
    },
    {
      "headings": {},
      "src": "Home.md",
      "title": "",
      "layout": "default"
    },
    {
      "headings": {
        "page-1": "Page 1"
      },
      "src": "Page-1.md",
      "title": "",
      "layout": "default"
    },
    {
      "headings": {},
      "src": "_Footer.md",
      "title": "",
      "layout": "default"
    },
    {
      "headings": {},
      "src": "_Sidebar.md",
      "title": "",
      "layout": "default"
    },
    {
      "headings": {
        "about": "About"
      },
      "src": "about.md",
      "title": "",
      "layout": "default"
    }
  ]
}
