<p>This is a page from another Markbind site.</p>
<h2 id="feature-list">Feature list</h2>
<p>It is a list of features (or functionalities) grouped according to some criteria such as priority (e.g. must-have, nice-to-have, etc. ), order of delivery, object or process related (e.g. order-related, invoice-related, etc.). Here is a sample feature
  list from Minesweeper (only a brief description has been provided to save space).</p>
<ol>
  <li>Basic play – Single player play.</li>
  <li>Difficulty levels – Additional Medium and Advanced levels.</li>
  <li>Versus play – Two players can play against each other.</li>
  <li>Timer – Additional fixed time restriction on the player.</li>
</ol>
<img src="/test_site/sub_site/images/I'm not allowed to use my favorite tool.png">