<!DOCTYPE html>
<html>

<head>

  <meta charset="utf-8">
  <meta http-equiv="X-UA-Compatible" content="IE=edge">
  <meta name="generator" content="MarkBind 2.15.2">
  <meta name="viewport" content="width=device-width, initial-scale=1">
  <title>Landing Page</title>
  <link rel="stylesheet" href="markbind/css/bootstrap.min.css">
  <link rel="stylesheet" href="markbind/css/bootstrap-vue.min.css">
  <link rel="stylesheet" href="markbind/fontawesome/css/all.min.css">
  <link rel="stylesheet" href="markbind/glyphicons/css/bootstrap-glyphicons.min.css">
  <link rel="stylesheet" href="markbind/css/octicons.css">
  <link rel="stylesheet" href="markbind/css/github.min.css">
  <link rel="stylesheet" href="markbind/css/markbind.min.css">
  <script src="markbind/js/polyfill.min.js"></script>
  <script src="markbind/js/vue.min.js"></script>
  <script src="markbind/js/markbind.min.js"></script>
  <script src="markbind/js/jquery.min.js"></script>
  <link rel="stylesheet" href="/test_site_expressive_layout/plugins/markbind-plugin-anchors/markbind-plugin-anchors.css">
  <link rel="stylesheet" href="markbind/layouts/default/styles.css">
</head>

<body>
  <div id="app">
    <div id="flex-body">
      <div id="content-wrapper">
        <div></div>
        <div></div>
        <p>Variable from layout</p>
        <p>This is an importedVar</p>
        <panel type="success" minimized><template slot="_header">
            <p>Expanded panel</p>
          </template><template slot="_alt">
            <p>Minimized panel</p>
          </template>
          Math formulas
        </panel>
        <div></div>
        <hr>
        <p><em>Content above the horizontal line belongs to the layout file</em></p>
        <h1 id="welcome-to-markbind">Welcome to Markbind<a class="fa fa-anchor" href="#welcome-to-markbind" onclick="event.stopPropagation()"></a></h1>
        <p>This is a minimalistic template. To learn more about authoring contents in Markbind, visit the <a href="https://markbind.org/userGuide/authoringContents.html">User Guide</a>.</p>
        <p>Variable from page</p>
        <p><strong>Test that {% raw %} and {% endraw %} tags work in the content file inserted into the layout</strong></p>
        <p><em>Content below the horizontal line belongs to the layout file</em></p>
        <hr>
        <p>Bottom Content</p>
        <div>
          <div></div>
          <p>This content can be imported to the bottom of the page</p>
        </div>
        <p><strong>Test that {% raw %} and {% endraw %} tags work in the layouts file</strong></p>
      </div>


    </div>
    <footer>

      <div class="text-center">
        <small>[Generated by <a href="https://markbind.org/">MarkBind 2.15.2</a>]</small></div>
    </footer>
  </div>
</body>
<script src="markbind/js/bootstrap-utility.min.js"></script>
<script>
  const baseUrl = '/test_site_expressive_layout'
  MarkBind.setupWithSearch()
</script>
<script src="markbind/layouts/default/scripts.js"></script>
<script>
  if (MarkBind.AfterSetup) MarkBind.AfterSetup()
</script>

</html>