{
  "enableSearch": true,
  "pages": [
    {
      "footer": "footer.md",
      "src": "index.md",
      "title": "Landing Page",
      "layout": "default",
      "headings": {
        "welcome-to-markbind": "Welcome to Markbind"
      },
      "headingKeywords": {}
    }
  ]
}
