<!DOCTYPE html>
<html>

<head>
  <meta charset="utf-8">
  <meta http-equiv="X-UA-Compatible" content="IE=edge">
  <meta name="generator" content="MarkBind 5.4.0">
  <meta name="viewport" content="width=device-width, initial-scale=1">
  <title>About Us - ProjectEx</title>
  <link rel="stylesheet" href="/markbind/css/bootstrap.min.css">
  <link rel="stylesheet" href="/markbind/fontawesome/css/all.min.css">
  <link rel="stylesheet" href="/markbind/glyphicons/css/bootstrap-glyphicons.min.css">
  <link rel="stylesheet" href="/markbind/css/codeblock-light.min.css">
  <link rel="stylesheet" href="/markbind/css/markbind.min.css">
  <script src="/markbind/js/polyfill.min.js" defer></script>
  <script src="/markbind/js/vue.min.js" defer></script>
  <script src="/markbind/js/markbind.min.js" defer></script>
  <script src="AboutUs.page-vue-render.js" defer></script>
  <link rel="stylesheet" href="/plugins/markbind-plugin-anchors/markbind-plugin-anchors.css">
  <link rel="stylesheet" href="/plugins/markbind-plugin-tree/markbind-plugin-tree.css">

  <link rel="stylesheet" href="/stylesheets/main.css">
  <link rel="icon" href="/images/SeEduLogo.png">
</head>
<script>
  const baseUrl = ''
</script>

<body>
  <div id="app">
    <header sticky>
      <navbar type="dark">
        <template #brand><a href="/index.html" title="Home" class="navbar-brand">ProjectEx</a></template>
        <li><a highlight-on="sibling-or-child" href="/userGuide/UserGuide.html" class="nav-link">User Guide</a></li>
        <li><a highlight-on="sibling-or-child" href="/developerGuide/DeveloperGuide.html" class="nav-link">Developer Guide</a></li>
        <li><a highlight-on="sibling-or-child" href="/team/AboutUs.html" class="nav-link">About Us</a></li>
        <li><a href="https://github.com/se-edu" target="_blank" class="nav-link"><span><span aria-hidden="true" class="fab fa-github"></span></span></a></li>
        <template #right>
          <li>
            <form class="navbar-form">
              <searchbar :data="searchData" placeholder="Search" :on-hit="searchCallback" menu-align-right></searchbar>
            </form>
          </li>
        </template>
      </navbar>
    </header>
    <div id="flex-body">
      <overlay-source id="site-nav" tag-name="nav" to="site-nav">
        <div class="nav-component slim-scroll">
          <site-nav>
            <overlay-source class="site-nav-list site-nav-list-root" tag-name="ul" to="mb-site-nav">
              <li>
                <div class="site-nav-default-list-item site-nav-list-item-0" onclick="handleSiteNavClick(this)"><a href="/index.html">Home</a></div>
              </li>
              <li>
                <div class="site-nav-default-list-item site-nav-list-item-0" onclick="handleSiteNavClick(this)"><a href="/userGuide/UserGuide.html">User Guide</a>

                  <div class="site-nav-dropdown-btn-container"><i class="site-nav-dropdown-btn-icon site-nav-rotate-icon" onclick="handleSiteNavClick(this.parentNode.parentNode, false); event.stopPropagation();">
                      <span class="glyphicon glyphicon-menu-down" aria-hidden="true"></span>
                    </i></div>
                </div>
                <ul class="site-nav-dropdown-container site-nav-dropdown-container-open site-nav-list">
                  <li>
                    <div class="site-nav-default-list-item site-nav-list-item-1" onclick="handleSiteNavClick(this)"><a href="/userGuide/QuickStart.html">Quick Start</a></div>
                  </li>
                  <li>
                    <div class="site-nav-default-list-item site-nav-list-item-1" onclick="handleSiteNavClick(this)"><a href="/userGuide/Features.html">Features</a></div>
                  </li>
                  <li>
                    <div class="site-nav-default-list-item site-nav-list-item-1" onclick="handleSiteNavClick(this)"><a href="/userGuide/FAQ.html">FAQ</a></div>
                  </li>
                </ul>
              </li>
              <li>
                <div class="site-nav-default-list-item site-nav-list-item-0" onclick="handleSiteNavClick(this)"><a href="/developerGuide/DeveloperGuide.html">Developer Guide</a>

                  <div class="site-nav-dropdown-btn-container"><i class="site-nav-dropdown-btn-icon site-nav-rotate-icon" onclick="handleSiteNavClick(this.parentNode.parentNode, false); event.stopPropagation();">
                      <span class="glyphicon glyphicon-menu-down" aria-hidden="true"></span>
                    </i></div>
                </div>
                <ul class="site-nav-dropdown-container site-nav-dropdown-container-open site-nav-list">
                  <li>
                    <div class="site-nav-default-list-item site-nav-list-item-1" onclick="handleSiteNavClick(this)"><a href="/developerGuide/SettingUp.html">Setting Up</a>

                      <div class="site-nav-dropdown-btn-container"><i class="site-nav-dropdown-btn-icon" onclick="handleSiteNavClick(this.parentNode.parentNode, false); event.stopPropagation();">
                          <span class="glyphicon glyphicon-menu-down" aria-hidden="true"></span>
                        </i></div>
                    </div>
                    <ul class="site-nav-dropdown-container site-nav-list">
                      <li>
                        <div class="site-nav-default-list-item site-nav-list-item-2" onclick="handleSiteNavClick(this)"><a href="/developerGuide/TracingCode.html">Tutorial: Tracing code</a></div>
                      </li>
                    </ul>
                  </li>
                  <li>
                    <div class="site-nav-default-list-item site-nav-list-item-1" onclick="handleSiteNavClick(this)"><a href="/developerGuide/Design.html">Design</a></div>
                  </li>
                  <li>
                    <div class="site-nav-default-list-item site-nav-list-item-1" onclick="handleSiteNavClick(this)"><a href="/developerGuide/Implementation.html">Implementation</a></div>
                  </li>
                  <li>
                    <div class="site-nav-default-list-item site-nav-list-item-1" onclick="handleSiteNavClick(this)">Project Guides

                      <div class="site-nav-dropdown-btn-container"><i class="site-nav-dropdown-btn-icon" onclick="handleSiteNavClick(this.parentNode.parentNode, false); event.stopPropagation();">
                          <span class="glyphicon glyphicon-menu-down" aria-hidden="true"></span>
                        </i></div>
                    </div>
                    <ul class="site-nav-dropdown-container site-nav-list">
                      <li>
                        <div class="site-nav-default-list-item site-nav-list-item-2" onclick="handleSiteNavClick(this)"><a href="/developerGuide/Documentation.html">Documentation</a></div>
                      </li>
                      <li>
                        <div class="site-nav-default-list-item site-nav-list-item-2" onclick="handleSiteNavClick(this)"><a href="/developerGuide/Testing.html">Testing</a></div>
                      </li>
                      <li>
                        <div class="site-nav-default-list-item site-nav-list-item-2" onclick="handleSiteNavClick(this)"><a href="/developerGuide/Configuration.html">Configuration</a></div>
                      </li>
                      <li>
                        <div class="site-nav-default-list-item site-nav-list-item-2" onclick="handleSiteNavClick(this)"><a href="/developerGuide/DevOps.html">DevOps</a></div>
                      </li>
                    </ul>
                  </li>
                  <li>
                    <div class="site-nav-default-list-item site-nav-list-item-1" onclick="handleSiteNavClick(this)">Appendix

                      <div class="site-nav-dropdown-btn-container"><i class="site-nav-dropdown-btn-icon" onclick="handleSiteNavClick(this.parentNode.parentNode, false); event.stopPropagation();">
                          <span class="glyphicon glyphicon-menu-down" aria-hidden="true"></span>
                        </i></div>
                    </div>
                    <ul class="site-nav-dropdown-container site-nav-list">
                      <li>
                        <div class="site-nav-default-list-item site-nav-list-item-2" onclick="handleSiteNavClick(this)"><a href="/developerGuide/Requirements.html">Requirements</a></div>
                      </li>
                    </ul>
                  </li>
                </ul>
              </li>
              <li>
                <div class="site-nav-default-list-item site-nav-list-item-0" onclick="handleSiteNavClick(this)"><a href="/team/AboutUs.html">About Us</a>

                  <div class="site-nav-dropdown-btn-container"><i class="site-nav-dropdown-btn-icon site-nav-rotate-icon" onclick="handleSiteNavClick(this.parentNode.parentNode, false); event.stopPropagation();">
                      <span class="glyphicon glyphicon-menu-down" aria-hidden="true"></span>
                    </i></div>
                </div>
                <ul class="site-nav-dropdown-container site-nav-dropdown-container-open site-nav-list">
                  <li>
                    <div class="site-nav-default-list-item site-nav-list-item-1" onclick="handleSiteNavClick(this)"><a href="/team/johndoe.html">Contributor Portfolio Template</a></div>
                  </li>
                </ul>
              </li>
            </overlay-source>
          </site-nav>
        </div>
      </overlay-source>
      <div id="content-wrapper">

        <h1 id="about-us">About Us<a class="fa fa-anchor" href="#about-us" onclick="event.stopPropagation()"></a></h1>
        <box type="info">
          This section describes the contributors of your app.
        </box>
        <p>We are a team based in <a href="#project-team">Organisation A</a>.</p>
        <p>You can reach us at the email <code class="hljs inline no-lang" v-pre>organisationa@gmail.sg</code></p>
        <h2 id="project-team">Project team<a class="fa fa-anchor" href="#project-team" onclick="event.stopPropagation()"></a></h2>
        <h3 id="john-doe">John Doe<a class="fa fa-anchor" href="#john-doe" onclick="event.stopPropagation()"></a></h3>
        <box type="tip">
          <p>This img uses the <code class="hljs inline no-lang" v-pre>placeholderImage</code> defined in the <code class="hljs inline no-lang" v-pre>_markbind/variables.md</code> file.</p>
        </box>
        <img src="/images/johndoe.png" width="200px">
        <p>[<a href="http://www.comp.nus.edu.sg/~damithch">homepage</a>]
          [<a href="https://github.com/johndoe">github</a>]
          [<a href="/team/johndoe.html">contributions</a>]</p>
        <ul>
          <li>Role: Project Advisor</li>
        </ul>
        <h3 id="jane-doe">Jane Doe<a class="fa fa-anchor" href="#jane-doe" onclick="event.stopPropagation()"></a></h3>
        <img src="/images/johndoe.png" width="200px">
        <p>[<a href="http://github.com/johndoe">github</a>]
          [<a href="/team/johndoe.html">contributions</a>]</p>
        <ul>
          <li>Role: Team Lead</li>
          <li>Responsibilities: UI</li>
        </ul>
        <h3 id="johnny-doe">Johnny Doe<a class="fa fa-anchor" href="#johnny-doe" onclick="event.stopPropagation()"></a></h3>
        <img src="/images/johndoe.png" width="200px">
        <p>[<a href="http://github.com/johndoe">github</a>]
          [<a href="/team/johndoe.html">contributions</a>]</p>
        <ul>
          <li>Role: Developer</li>
          <li>Responsibilities: Data</li>
        </ul>
        <h3 id="jean-doe">Jean Doe<a class="fa fa-anchor" href="#jean-doe" onclick="event.stopPropagation()"></a></h3>
        <img src="/images/johndoe.png" width="200px">
        <p>[<a href="http://github.com/johndoe">github</a>]
          [<a href="/team/johndoe.html">contributions</a>]</p>
        <ul>
          <li>Role: Developer</li>
          <li>Responsibilities: Dev Ops + Threading</li>
        </ul>
        <h3 id="james-doe">James Doe<a class="fa fa-anchor" href="#james-doe" onclick="event.stopPropagation()"></a></h3>
        <img src="/images/johndoe.png" width="200px">
        <p>[<a href="http://github.com/johndoe">github</a>]
          [<a href="/team/johndoe.html">contributions</a>]</p>
        <ul>
          <li>Role: Developer</li>
          <li>Responsibilities: UI</li>
        </ul>
      </div>
      <overlay-source id="page-nav" tag-name="nav" to="page-nav">
        <div class="nav-component slim-scroll">
        </div>
      </overlay-source>
      <scroll-top-button></scroll-top-button>
    </div>
    <footer>

      <div class="text-center">
        <small>[<span><strong>Powered by</strong></span> <img src="https://markbind.org/favicon.ico" width="30"> <a href="https://markbind.org/">MarkBind 5.4.0</a>]</small>
      </div>
    </footer>
  </div>
</body>
<script src="/markbind/js/bootstrap-utility.min.js"></script>
<script>
  MarkBind.setupWithSearch()
</script>

</html>