<!DOCTYPE html>
<html>

<head>
  <meta charset="utf-8">
  <meta http-equiv="X-UA-Compatible" content="IE=edge">
  <meta name="generator" content="MarkBind 5.4.0">
  <meta name="viewport" content="width=device-width, initial-scale=1">
  <title>Portfolio Page - ProjectEx</title>
  <link rel="stylesheet" href="/markbind/css/bootstrap.min.css">
  <link rel="stylesheet" href="/markbind/fontawesome/css/all.min.css">
  <link rel="stylesheet" href="/markbind/glyphicons/css/bootstrap-glyphicons.min.css">
  <link rel="stylesheet" href="/markbind/css/codeblock-light.min.css">
  <link rel="stylesheet" href="/markbind/css/markbind.min.css">
  <link rel="stylesheet" href="/plugins/markbind-plugin-anchors/markbind-plugin-anchors.css">
  <link rel="stylesheet" href="/plugins/markbind-plugin-tree/markbind-plugin-tree.css">

  <link rel="stylesheet" href="/stylesheets/main.css">
  <link rel="icon" href="/images/SeEduLogo.png">
</head>
<script>
  const baseUrl = ''
</script>

<body>
  <div id="app">
    <header sticky>
      <navbar type="dark">
        <template #brand><a href="/index.html" title="Home" class="navbar-brand">ProjectEx</a></template>
        <li><a highlight-on="sibling-or-child" href="/userGuide/UserGuide.html" class="nav-link">User Guide</a></li>
        <li><a highlight-on="sibling-or-child" href="/developerGuide/DeveloperGuide.html" class="nav-link">Developer Guide</a></li>
        <li><a highlight-on="sibling-or-child" href="/team/AboutUs.html" class="nav-link">About Us</a></li>
        <li><a href="https://github.com/se-edu" target="_blank" class="nav-link"><span><span aria-hidden="true" class="fab fa-github"></span></span></a></li>
        <template #right>
          <li>
            <form class="navbar-form">
              <searchbar :data="searchData" placeholder="Search" :on-hit="searchCallback" menu-align-right></searchbar>
            </form>
          </li>
        </template>
      </navbar>
    </header>
    <div id="flex-body">
      <overlay-source id="site-nav" tag-name="nav" to="site-nav">
        <div class="nav-component slim-scroll">
          <site-nav>
            <overlay-source class="site-nav-list site-nav-list-root" tag-name="ul" to="mb-site-nav">
              <li>
                <div class="site-nav-default-list-item site-nav-list-item-0" onclick="handleSiteNavClick(this)"><a href="/index.html">Home</a></div>
              </li>
              <li>
                <div class="site-nav-default-list-item site-nav-list-item-0" onclick="handleSiteNavClick(this)"><a href="/userGuide/UserGuide.html">User Guide</a>

                  <div class="site-nav-dropdown-btn-container"><i class="site-nav-dropdown-btn-icon site-nav-rotate-icon" onclick="handleSiteNavClick(this.parentNode.parentNode, false); event.stopPropagation();">
                      <span class="glyphicon glyphicon-menu-down" aria-hidden="true"></span>
                    </i></div>
                </div>
                <ul class="site-nav-dropdown-container site-nav-dropdown-container-open site-nav-list">
                  <li>
                    <div class="site-nav-default-list-item site-nav-list-item-1" onclick="handleSiteNavClick(this)"><a href="/userGuide/QuickStart.html">Quick Start</a></div>
                  </li>
                  <li>
                    <div class="site-nav-default-list-item site-nav-list-item-1" onclick="handleSiteNavClick(this)"><a href="/userGuide/Features.html">Features</a></div>
                  </li>
                  <li>
                    <div class="site-nav-default-list-item site-nav-list-item-1" onclick="handleSiteNavClick(this)"><a href="/userGuide/FAQ.html">FAQ</a></div>
                  </li>
                </ul>
              </li>
              <li>
                <div class="site-nav-default-list-item site-nav-list-item-0" onclick="handleSiteNavClick(this)"><a href="/developerGuide/DeveloperGuide.html">Developer Guide</a>

                  <div class="site-nav-dropdown-btn-container"><i class="site-nav-dropdown-btn-icon site-nav-rotate-icon" onclick="handleSiteNavClick(this.parentNode.parentNode, false); event.stopPropagation();">
                      <span class="glyphicon glyphicon-menu-down" aria-hidden="true"></span>
                    </i></div>
                </div>
                <ul class="site-nav-dropdown-container site-nav-dropdown-container-open site-nav-list">
                  <li>
                    <div class="site-nav-default-list-item site-nav-list-item-1" onclick="handleSiteNavClick(this)"><a href="/developerGuide/SettingUp.html">Setting Up</a>

                      <div class="site-nav-dropdown-btn-container"><i class="site-nav-dropdown-btn-icon" onclick="handleSiteNavClick(this.parentNode.parentNode, false); event.stopPropagation();">
                          <span class="glyphicon glyphicon-menu-down" aria-hidden="true"></span>
                        </i></div>
                    </div>
                    <ul class="site-nav-dropdown-container site-nav-list">
                      <li>
                        <div class="site-nav-default-list-item site-nav-list-item-2" onclick="handleSiteNavClick(this)"><a href="/developerGuide/TracingCode.html">Tutorial: Tracing code</a></div>
                      </li>
                    </ul>
                  </li>
                  <li>
                    <div class="site-nav-default-list-item site-nav-list-item-1" onclick="handleSiteNavClick(this)"><a href="/developerGuide/Design.html">Design</a></div>
                  </li>
                  <li>
                    <div class="site-nav-default-list-item site-nav-list-item-1" onclick="handleSiteNavClick(this)"><a href="/developerGuide/Implementation.html">Implementation</a></div>
                  </li>
                  <li>
                    <div class="site-nav-default-list-item site-nav-list-item-1" onclick="handleSiteNavClick(this)">Project Guides

                      <div class="site-nav-dropdown-btn-container"><i class="site-nav-dropdown-btn-icon" onclick="handleSiteNavClick(this.parentNode.parentNode, false); event.stopPropagation();">
                          <span class="glyphicon glyphicon-menu-down" aria-hidden="true"></span>
                        </i></div>
                    </div>
                    <ul class="site-nav-dropdown-container site-nav-list">
                      <li>
                        <div class="site-nav-default-list-item site-nav-list-item-2" onclick="handleSiteNavClick(this)"><a href="/developerGuide/Documentation.html">Documentation</a></div>
                      </li>
                      <li>
                        <div class="site-nav-default-list-item site-nav-list-item-2" onclick="handleSiteNavClick(this)"><a href="/developerGuide/Testing.html">Testing</a></div>
                      </li>
                      <li>
                        <div class="site-nav-default-list-item site-nav-list-item-2" onclick="handleSiteNavClick(this)"><a href="/developerGuide/Configuration.html">Configuration</a></div>
                      </li>
                      <li>
                        <div class="site-nav-default-list-item site-nav-list-item-2" onclick="handleSiteNavClick(this)"><a href="/developerGuide/DevOps.html">DevOps</a></div>
                      </li>
                    </ul>
                  </li>
                  <li>
                    <div class="site-nav-default-list-item site-nav-list-item-1" onclick="handleSiteNavClick(this)">Appendix

                      <div class="site-nav-dropdown-btn-container"><i class="site-nav-dropdown-btn-icon" onclick="handleSiteNavClick(this.parentNode.parentNode, false); event.stopPropagation();">
                          <span class="glyphicon glyphicon-menu-down" aria-hidden="true"></span>
                        </i></div>
                    </div>
                    <ul class="site-nav-dropdown-container site-nav-list">
                      <li>
                        <div class="site-nav-default-list-item site-nav-list-item-2" onclick="handleSiteNavClick(this)"><a href="/developerGuide/Requirements.html">Requirements</a></div>
                      </li>
                    </ul>
                  </li>
                </ul>
              </li>
              <li>
                <div class="site-nav-default-list-item site-nav-list-item-0" onclick="handleSiteNavClick(this)"><a href="/team/AboutUs.html">About Us</a>

                  <div class="site-nav-dropdown-btn-container"><i class="site-nav-dropdown-btn-icon site-nav-rotate-icon" onclick="handleSiteNavClick(this.parentNode.parentNode, false); event.stopPropagation();">
                      <span class="glyphicon glyphicon-menu-down" aria-hidden="true"></span>
                    </i></div>
                </div>
                <ul class="site-nav-dropdown-container site-nav-dropdown-container-open site-nav-list">
                  <li>
                    <div class="site-nav-default-list-item site-nav-list-item-1" onclick="handleSiteNavClick(this)"><a href="/team/johndoe.html">Contributor Portfolio Template</a></div>
                  </li>
                </ul>
              </li>
            </overlay-source>
          </site-nav>
        </div>
      </overlay-source>
      <div id="content-wrapper">

        <h3 id="project-projectex">Project: ProjectEx<a class="fa fa-anchor" href="#project-projectex" onclick="event.stopPropagation()"></a></h3>
        <p>ProjectEx is an example project application used for showcasing a default MarkBind template specifically for project documentation. It can be taken as a reference for users to base their own MarkBind sites off of.</p>
        <box type="tip">
          Content can be easily be replaced by the user's project information and context.
        </box>
        <p>Given below are my contributions to the project.</p>
        <ul>
          <li>
            <p><strong>New Feature</strong>: Feature X</p>
            <ul>
              <li>What it does: This feature does a thing</li>
              <li>Justification: This feature is important because...</li>
              <li>Highlights:
                <ul>
                  <li>Point 1</li>
                  <li>Point 2</li>
                </ul>
              </li>
              <li>Credits: <em>{mention here for reused code/ideas or use of a third-party library}</em></li>
            </ul>
          </li>
          <li>
            <p><strong>Code contributed</strong>: <a href>Github Repo</a></p>
          </li>
          <li>
            <p><strong>Project management</strong>:</p>
            <ul>
              <li>Managed releases <code class="hljs inline no-lang" v-pre>v1.3</code> - <code class="hljs inline no-lang" v-pre>v1.5rc</code> (3 releases) on GitHub</li>
            </ul>
          </li>
          <li>
            <p><strong>Enhancements to existing features</strong>:</p>
            <ul>
              <li>Wrote additional tests, increasing coverage to 92% (Pull requests <a href>#36</a>, <a href>#38</a>)</li>
            </ul>
          </li>
          <li>
            <p><strong>Documentation</strong>:</p>
            <ul>
              <li>User Guide:
                <ul>
                  <li>Added documentation for feature <a href>#72</a></li>
                </ul>
              </li>
              <li>Developer Guide:
                <ul>
                  <li>Added implementation details of feature.</li>
                </ul>
              </li>
            </ul>
          </li>
          <li>
            <p><strong>Community</strong>:</p>
            <ul>
              <li>PRs reviewed (with non-trivial review comments): <a href>#12</a>, <a href>#32</a>, <a href>#19</a>, <a href>#42</a></li>
              <li>Contributed to forum discussions (examples: <a href>1</a>, <a href>2</a>, <a href>3</a>, <a href>4</a>)</li>
            </ul>
          </li>
          <li>
            <p><strong>Tools</strong>:</p>
            <ul>
              <li>Integrated a third party library (Natty) to the project (<a href>#42</a>)</li>
            </ul>
          </li>
          <li>
            <p><em>{ You can add/remove categories in the list above }</em></p>
          </li>
        </ul>
      </div>
      <overlay-source id="page-nav" tag-name="nav" to="page-nav">
        <div class="nav-component slim-scroll">
        </div>
      </overlay-source>
      <scroll-top-button></scroll-top-button>
    </div>
    <footer>

      <div class="text-center">
        <small>[<span><strong>Powered by</strong></span> <img src="https://markbind.org/favicon.ico" width="30"> <a href="https://markbind.org/">MarkBind 5.4.0</a>]</small>
      </div>
    </footer>
  </div>
</body>
<script src="/markbind/js/bootstrap-utility.min.js"></script>
<script src="/markbind/js/polyfill.min.js"></script>
<script src="/markbind/js/vue.min.js"></script>
<script src="/markbind/js/markbind.min.js"></script>
<script src="johndoe.page-vue-render.js"></script>
<script>
  MarkBind.setupWithSearch()
</script>

</html>