{
  "enableSearch": true,
  "pages": [
    {
      "src": "developerGuide/Configuration.md",
      "title": "Configuration guide",
      "headings": {
        "configuration-guide": "Configuration guide"
      },
      "headingKeywords": {}
    },
    {
      "src": "developerGuide/Design.md",
      "title": "Design",
      "headings": {
        "design": "Design",
        "architecture": "Architecture",
        "component-1": "Component 1",
        "component-2": "Component 2"
      },
      "headingKeywords": {}
    },
    {
      "src": "developerGuide/DevOps.md",
      "title": "DevOps guide",
      "headings": {
        "devops-guide": "DevOps guide",
        "build-automation": "Build automation",
        "continuous-integration-ci": "Continuous integration (CI)",
        "code-coverage": "Code coverage",
        "repository-wide-checks": "Repository-wide checks",
        "making-a-release": "Making a release"
      },
      "headingKeywords": {}
    },
    {
      "src": "developerGuide/DeveloperGuide.md",
      "title": "Developer Guide",
      "headings": {
        "projectex-developer-guide": "ProjectEx Developer Guide",
        "introduction": "Introduction",
        "purpose-of-this-guide": "Purpose of this Guide",
        "acknowledgements": "Acknowledgements"
      },
      "headingKeywords": {}
    },
    {
      "src": "developerGuide/Documentation.md",
      "title": "Documentation guide",
      "headings": {
        "documentation-guide": "Documentation Guide"
      },
      "headingKeywords": {}
    },
    {
      "src": "developerGuide/Implementation.md",
      "title": "Implementation",
      "headings": {
        "implementation": "Implementation",
        "proposed-featurex-implementation": "[Proposed] FeatureX Implementation",
        "proposed-data-archiving": "[Proposed] Data archiving"
      },
      "headingKeywords": {}
    },
    {
      "src": "developerGuide/Requirements.md",
      "title": "Requirements",
      "headings": {
        "requirements": "Requirements",
        "product-scope": "Product scope",
        "user-stories": "User stories",
        "use-cases": "Use cases",
        "non-functional-requirements": "Non-Functional Requirements"
      },
      "headingKeywords": {}
    },
    {
      "src": "developerGuide/SettingUp.md",
      "title": "Setting up and getting started",
      "headings": {
        "setting-up-and-getting-started": "Setting up and getting started",
        "setting-up-the-project-in-your-computer": "Setting up the project in your computer",
        "before-writing-code": "Before writing code"
      },
      "headingKeywords": {}
    },
    {
      "src": "developerGuide/Testing.md",
      "title": "Testing guide",
      "headings": {
        "testing-guide": "Testing guide",
        "running-tests": "Running tests",
        "types-of-tests": "Types of tests"
      },
      "headingKeywords": {}
    },
    {
      "src": "developerGuide/TracingCode.md",
      "title": "Tutorial: Tracing code",
      "headings": {
        "tutorial-tracing-code": "Tutorial: Tracing code",
        "before-we-start": "Before we start",
        "setting-a-breakpoint": "Setting a breakpoint",
        "tracing-the-execution-path": "Tracing the execution path"
      },
      "headingKeywords": {}
    },
    {
      "src": "index.md",
      "title": "",
      "headings": {
        "projectex": "ProjectEx"
      },
      "headingKeywords": {}
    },
    {
      "src": "team/AboutUs.md",
      "title": "About Us",
      "headings": {
        "about-us": "About Us",
        "project-team": "Project team",
        "john-doe": "John Doe",
        "jane-doe": "Jane Doe",
        "johnny-doe": "Johnny Doe",
        "jean-doe": "Jean Doe",
        "james-doe": "James Doe"
      },
      "headingKeywords": {}
    },
    {
      "src": "team/johndoe.md",
      "title": "Portfolio Page",
      "headings": {
        "project-projectex": "Project: ProjectEx"
      },
      "headingKeywords": {}
    },
    {
      "src": "userGuide/FAQ.md",
      "title": "FAQ",
      "headings": {
        "faq": "FAQ"
      },
      "headingKeywords": {}
    },
    {
      "src": "userGuide/Features.md",
      "title": "Features",
      "headings": {
        "features": "Features",
        "featurex": "FeatureX",
        "y-feature": "Y Feature",
        "future-feature-z-coming-in-v2-0": "Future Feature Z [coming in v2.0]"
      },
      "headingKeywords": {}
    },
    {
      "src": "userGuide/QuickStart.md",
      "title": "Quick Start",
      "headings": {
        "quick-start": "Quick start"
      },
      "headingKeywords": {}
    },
    {
      "src": "userGuide/UserGuide.md",
      "title": "User Guide",
      "headings": {
        "projectex-user-guide": "ProjectEx User Guide",
        "introduction": "Introduction",
        "purpose-of-this-guide": "Purpose of this Guide"
      },
      "headingKeywords": {}
    }
  ]
}
