<h3 id="boilerplate-test-for-panel-heading"><span id="boilerplate-test-for-panel-heading" class="anchor"></span>boilerplate test for panel heading<a class="fa fa-anchor" href="#boilerplate-test-for-panel-heading" onclick="event.stopPropagation()"></a></h3>