<!DOCTYPE html>
<html>

<head>

  <meta charset="utf-8">
  <meta http-equiv="X-UA-Compatible" content="IE=edge">
  <meta name="generator" content="MarkBind 2.15.2">
  <meta name="viewport" content="width=device-width, initial-scale=1">
  <title></title>
  <link rel="stylesheet" href="../markbind/css/bootstrap.min.css">
  <link rel="stylesheet" href="../markbind/css/bootstrap-vue.min.css">
  <link rel="stylesheet" href="../markbind/fontawesome/css/all.min.css">
  <link rel="stylesheet" href="../markbind/glyphicons/css/bootstrap-glyphicons.min.css">
  <link rel="stylesheet" href="../markbind/css/octicons.css">
  <link rel="stylesheet" href="../markbind/css/github.min.css">
  <link rel="stylesheet" href="../markbind/css/markbind.min.css">
  <script src="../markbind/js/polyfill.min.js"></script>
  <script src="../markbind/js/vue.min.js"></script>
  <script src="../markbind/js/markbind.min.js"></script>
  <script src="../markbind/js/jquery.min.js"></script>
  <link rel="stylesheet" href="/plugins/markbind-plugin-anchors/markbind-plugin-anchors.css">
  <link rel="stylesheet" href="../markbind/layouts/default/styles.css">
</head>

<body>
  <div id="app">
    <header>
      <navbar type="dark" class="temp-navbar">
        <a slot="brand" href="/index.html" title="Home" class="navbar-brand">Your Logo</a>
        <li><a href="/contents/topic1.html" class="nav-link">Topic 1</a></li>
        <li><a href="/contents/topic2.html" class="nav-link">Topic 2</a></li>
        <div class="nav-link temp-dropdown-placeholder">Topic 3</div>
        <dropdown class="nav-link temp-dropdown"><template slot="_header">Topic 3</template>
          <li><a href="/contents/topic3a.html" class="dropdown-item">Topic 3a</a></li>
          <li><a href="/contents/topic3b.html" class="dropdown-item">Topic 3b</a></li>
        </dropdown>
        <li slot="right">
          <form class="navbar-form">
            <searchbar :data="searchData" placeholder="Search" :on-hit="searchCallback" menu-align-right></searchbar>
          </form>
        </li>
      </navbar>
    </header>
    <div id="flex-body">
      <nav id="site-nav" class="navbar navbar-light bg-transparent">
        <div class="border-right-grey nav-inner position-sticky slim-scroll">
          <ul class="site-nav-list site-nav-list-root">
            <li>
              <div class="site-nav-default-list-item site-nav-list-item-0" onclick="handleSiteNavClick(this)"><a href="/index.html">Home üè†</a></div>
            </li>
            <li>
              <div class="site-nav-default-list-item site-nav-list-item-0" onclick="handleSiteNavClick(this)"><a href="/contents/topic1.html">Topic 1</a></div>
            </li>
            <li>
              <div class="site-nav-default-list-item site-nav-list-item-0" onclick="handleSiteNavClick(this)"><a href="/contents/topic2.html">Topic 2</a></div>
            </li>
            <li>
              <div class="site-nav-default-list-item site-nav-list-item-0" onclick="handleSiteNavClick(this)">Topic 3
                <i class="site-nav-dropdown-btn-icon site-nav-rotate-icon" onclick="handleSiteNavClick(this.parentNode, false); event.stopPropagation();">
                  <span class="glyphicon glyphicon-menu-down" aria-hidden="true"></span></i></div>
              <ul class="site-nav-dropdown-container site-nav-dropdown-container-open site-nav-list">
                <li>
                  <div class="site-nav-default-list-item site-nav-list-item-1" onclick="handleSiteNavClick(this)"><a href="/contents/topic3a.html">Topic 3a</a></div>
                </li>
                <li>
                  <div class="site-nav-default-list-item site-nav-list-item-1" onclick="handleSiteNavClick(this)"><a href="/contents/topic3b.html" class="current">Topic 3b</a></div>
                </li>
              </ul>
            </li>
          </ul>
        </div>
      </nav>

      <div id="content-wrapper">
        <br>
        <box>
          <span class="fas fa-tools"></span><span> This is a placeholder page</span></box>
      </div>


    </div>
    <footer>

      <div class="text-center">
        <small>[Generated by <a href="https://markbind.org/">MarkBind 2.15.2</a>]</small></div>
    </footer>
  </div>
</body>
<script src="../markbind/js/bootstrap-utility.min.js"></script>
<script>
  const baseUrl = ''
  MarkBind.setupWithSearch()
</script>
<script src="../markbind/layouts/default/scripts.js"></script>
<script>
  if (MarkBind.AfterSetup) MarkBind.AfterSetup()
</script>

</html>