<div></div>
<p>Making sure the issue here <a href="https://github.com/MarkBind/markbind/commit/48b57a18a8bfd68101b163908da4a0541756364a">https://github.com/MarkBind/markbind/commit/48b57a18a8bfd68101b163908da4a0541756364a</a> is fixed.</p>
<div></div>
<p>Test import variables from src specified via variable: This variable comes from <a href="http://variablesToImport.md">variablesToImport.md</a></p>
<p>Test import variables that itself imports other variables:</p>
<h2 id="trying-to-access-a-page-variable">Trying to access a page variable:<a class="fa fa-anchor" href="#trying-to-access-a-page-variable"></a></h2>
<p>There should be something red below:</p>
<div style="color:red">This is a page variable from <a href="http://variablestoimport.md">variablestoimport.md</a></div>
Something should have appeared above in red.
<h2 id="trying-to-access-an-imported-variable-via-namespace">Trying to access an imported variable via namespace:<a class="fa fa-anchor" href="#trying-to-access-an-imported-variable-via-namespace"></a></h2>
<p>There should be something blue below:</p>
<div style="color:blue">This is a deeply imported variable</div>
Something should have appeared above in blue.