<!DOCTYPE html>
<html>

<head>

  <meta charset="utf-8">
  <meta http-equiv="X-UA-Compatible" content="IE=edge">
  <meta name="generator" content="MarkBind 2.14.1">
  <meta name="viewport" content="width=device-width, initial-scale=1">
  <title>Hello World</title>
  <link rel="stylesheet" href="markbind/css/bootstrap.min.css">
  <link rel="stylesheet" href="markbind/css/bootstrap-vue.min.css">
  <link rel="stylesheet" href="markbind/fontawesome/css/all.min.css">
  <link rel="stylesheet" href="markbind/glyphicons/css/bootstrap-glyphicons.min.css">
  <link rel="stylesheet" href="markbind/css/octicons.css">
  <link rel="stylesheet" href="markbind/css/github.min.css">
  <link rel="stylesheet" href="markbind/css/markbind.css">
  <link rel="stylesheet" href="/test_site/plugins/testMarkbindPlugin/testMarkbindPluginStylesheet.css">
  <link rel="stylesheet" href="/test_site/plugins/markbind-plugin-anchors/markbind-plugin-anchors.css">
  <link rel="stylesheet" href="markbind/layouts/testLayout/styles.css">
  <link rel="stylesheet" href="markbind/css/site-nav.css">
  <script src="/test_site/headFiles/overwriteLayoutScript.js"></script>
  <link rel="icon" href="/test_site/favicon.png">
</head>

<body>
  <div id="app">
    <div id="flex-body">
      <nav id="site-nav" class="navbar navbar-light bg-transparent">
        <div class="border-right-grey nav-inner position-sticky slim-scroll">
          <ul class="site-nav-list">
            <li>
              <div class="site-nav-list-item-content site-nav-list-item-content-0" onclick="handleSiteNavClick(this)">[Layout Nav]</div>
            </li>
          </ul>
        </div>
      </nav>
      <div id="content-wrapper">
        <p><strong>Uses a front matter layout</strong></p>
      </div>


    </div>
    <footer>
      <div class="text-center">
        Layout footer
      </div>
    </footer>
  </div>
</body>
<script src="markbind/js/vue.min.js"></script>
<script src="markbind/js/vue-strap.min.js"></script>
<script src="markbind/js/bootstrap-utility.min.js"></script>
<script src="markbind/js/polyfill.min.js"></script>
<script src="markbind/js/bootstrap-vue.min.js"></script>
<script>
  const baseUrl = '/test_site'
  const enableSearch = true
</script>
<script src="markbind/js/setup.js"></script>
<script src="/test_site/plugins/testMarkbindPlugin/testMarkbindPluginScript.js"></script>
<script>
  alert("Inline plugin script loaded!")
</script>

<!-- Global site tag (gtag.js) - Google Analytics -->
<script async src="https://www.googletagmanager.com/gtag/js?id=TRACKING-ID"></script>
<script>
  window.dataLayer = window.dataLayer || [];

  function gtag() {
    dataLayer.push(arguments);
  }
  gtag('js', new Date());

  gtag('config', 'TRACKING-ID');
</script>
<script src="markbind/layouts/testLayout/scripts.js"></script>

</html>