{
  "enableSearch": true,
  "pages": [
    {
      "src": "index.md",
      "title": "Portfolio",
      "headings": {
        "about-me": "About me",
        "skills": "Skills",
        "experience": "Experience",
        "projects": "Projects",
        "example-project-ip-for-cs2103": "Example project: iP for CS2103",
        "project-2": "Project 2",
        "other-projects": "Other projects"
      },
      "headingKeywords": {}
    }
  ]
}
