{
  "enableSearch": true,
  "pages": [
    {
      "src": "index.md",
      "title": "Site with no icons",
      "headings": {},
      "headingKeywords": {}
    }
  ]
}
