<!DOCTYPE html>
<html>

<head>

  <meta charset="utf-8">
  <meta http-equiv="X-UA-Compatible" content="IE=edge">
  <meta name="generator" content="MarkBind 2.9.1">
  <meta name="viewport" content="width=device-width, initial-scale=1">
  <title>Landing Page</title>
  <link rel="stylesheet" href="markbind/css/bootstrap.min.css">
  <link rel="stylesheet" href="markbind/css/bootstrap-vue.min.css">
  <link rel="stylesheet" href="markbind/fontawesome/css/all.min.css">
  <link rel="stylesheet" href="markbind/glyphicons/css/bootstrap-glyphicons.min.css">
  <link rel="stylesheet" href="markbind/css/github.min.css">
  <link rel="stylesheet" href="markbind/css/markbind.css">
  <link rel="stylesheet" href="markbind/css/bootstrap-markbind.css">
  <link rel="stylesheet" href="markbind/layouts/default/styles.css">

  <link rel="stylesheet" href="markbind/css/page-nav.css">


</head>

<body data-spy="scroll" data-target="#page-nav" data-offset="100">
  <div id="app">
    <header>
      <navbar type="dark" class="temp-navbar">
        <a slot="brand" href="/index.html" title="Home" class="navbar-brand">Your Logo</a>
        <li><a href="/contents/topic1.html" class="nav-link">Topic 1</a></li>
        <li><a href="/contents/topic2.html" class="nav-link">Topic 2</a></li>
        <div class="nav-link temp-dropdown-placeholder">Topic 3</div>
        <dropdown text="Topic 3" class="nav-link temp-dropdown">
          <li><a href="/contents/topic3a.html" class="dropdown-item">Topic 3a</a></li>
          <li><a href="/contents/topic3b.html" class="dropdown-item">Topic 3b</a></li>
        </dropdown>
        <li slot="right">
          <form class="navbar-form">
            <searchbar :data="searchData" placeholder="Search" :on-hit="searchCallback" menu-align-right=""></searchbar>
          </form>
        </li>
      </navbar>
    </header>
    <div id="flex-body">
      <div id="content-wrapper">
        <br>
        <div class="jumbotron jumbotron-fluid bg-primary text-white">
          <div class="container">
            <h1 class="display-4">Landing Page Title</h1>
            <p class="lead">A tagline can go here</p>
          </div>
        </div>
        <h1 id="heading-1">Heading 1<a class="fa fa-anchor" href="#heading-1"></a></h1>
        <p>Some text some text some text some text some text some text some text. <strong>Some text some text some text some text some text <mark>some text</mark> some text</strong>. Some text some text some text some text some text some text some text some
          text some text some text some text some text some text some text. Some text some text some text some text some text some text. Some text some text some text some text some text some text some text.</p>
        <p><strong>A block quote:</strong></p>
        <blockquote>
          <p>Some text some text some text some text some text some text some text. Some text some text some text some text some text some text some text. Some text some text some text some text some text some text some text some text some text some text
            some text some text some text some text. Some text some text some text some text some text some text. Some text some text some text some text some text some text some text.</p>
        </blockquote>
        <p><strong>A list:</strong></p>
        <ul>
          <li>item A</li>
          <li>item B
            <ol>
              <li>item b1</li>
              <li>item b2</li>
              <li>item b3</li>
            </ol>
          </li>
        </ul>
        <p><strong>A <code>code</code> example:</strong></p>
        <pre><code class="hljs html"><span class="hljs-tag">&lt;<span class="hljs-name">foo</span>&gt;</span>
  <span class="hljs-tag">&lt;<span class="hljs-name">bar</span> <span class="hljs-attr">type</span>=<span class="hljs-string">"name"</span>&gt;</span>goo<span class="hljs-tag">&lt;/<span class="hljs-name">bar</span>&gt;</span>
<span class="hljs-tag">&lt;/<span class="hljs-name">foo</span>&gt;</span>
</code></pre>
        <h2 id="sub-heading-1-1">Sub Heading 1.1<a class="fa fa-anchor" href="#sub-heading-1-1"></a></h2>
        <p>A
          <tooltip effect="scale" content=":exclamation: some **important explanation**" placement="top" trigger="hover">tooltip</tooltip>, a
          <trigger for="modal:modalinfo" trigger="click">modal</trigger>, a <a href="https://markbind.org/">link</a>, a <span class="badge badge-danger">badge</span>, another <span class="badge badge-warning">badge</span>.</p>
        <modal title="Modal Title" id="modal:modalinfo">
          Some text some text some text some text some text some text some text. Some text some text some text some text some text some text some text. Some text some text some text some text some text some text some text some text some text some text some text
          some text some text some text. Some text some text some text some text some text some text. Some text some text some text some text some text some text some text.
        </modal>
        <p><strong>A table:</strong></p>
        <div class="table-responsive">
          <table class="markbind-table table table-bordered table-striped">
            <thead>
              <tr>
                <th style="text-align:center">Column 1</th>
                <th style="text-align:center">Column 2</th>
                <th style="text-align:center">Column 3</th>
                <th><span aria-hidden="true" class="far fa-thumbs-up"></span> / <span aria-hidden="true" class="far fa-thumbs-down"></span>?</th>
              </tr>
            </thead>
            <tbody>
              <tr>
                <td style="text-align:center">value1</td>
                <td style="text-align:center">x</td>
                <td style="text-align:center">5</td>
                <td><span aria-hidden="true" class="far fa-thumbs-up"></span></td>
              </tr>
              <tr>
                <td style="text-align:center">value2</td>
                <td style="text-align:center">y</td>
                <td style="text-align:center">20</td>
                <td><span aria-hidden="true" class="far fa-thumbs-down"></span></td>
              </tr>
            </tbody>
          </table>
        </div>
        <h2 id="sub-heading-1-2">Sub Heading 1.2<a class="fa fa-anchor" href="#sub-heading-1-2"></a></h2>
        <p><strong>Media embeds:</strong></p>
        <div class="block-embed block-embed-service-youtube"><iframe type="text/html" src="//www.youtube.com/embed/v40b3ExbM0c" frameborder="0" width="640" height="390" webkitallowfullscreen="" mozallowfullscreen="" allowfullscreen></iframe></div>
        <p><strong>Tabs:</strong></p>
        <tabs>
          <tab header="Tab X">
            Some text some text some text some text some text some text some text. Some text some text some text some text some text some text some text. Some text some text some text some text some text some text some text some text some text some text some text
            some text some text some text. Some text some text some text some text some text some text. Some text some text some text some text some text some text some text.
          </tab>
          <tab header="Tab Y">
            ...
          </tab>
          <tab-group header="Tab group">
            <tab header="Tab Y.1">
              ...
            </tab>
            <tab header="Tab Y.2">
              ...
            </tab>
          </tab-group>
        </tabs>
        <br>
        <h1 id="heading-2">Heading 2<a class="fa fa-anchor" href="#heading-2"></a></h1>
        <p><strong>Some boxes:</strong></p>
        <p>
          <styleswitcher></styleswitcher>
        </p>
        <table>
          <tr>
            <th style="border: 1px solid black; padding: 3px">
              <h2 id="normal-boxes">Normal boxes<a class="fa fa-anchor" href="#normal-boxes"></a></h2>
            </th>
            <th style="border: 1px solid black; padding: 3px">
              <h2 id="normal-boxes-with-dismissible">Normal boxes with dismissible<a class="fa fa-anchor" href="#normal-boxes-with-dismissible"></a></h2>
            </th>
          </tr>
          <tr>
            <td style="border: 1px solid black; padding: 3px">
              <p>Lorem ipsum dolor sit amet, consectetur adipiscing elit, sed do eiusmod tempor incididunt ut labore
                <box>
                  Lorem ipsum dolor sit amet, consectetur adipiscing elit, sed do eiusmod tempor incididunt ut labore et dolore magna aliqua. Ut enim ad minim veniam, quis nostrud exercitation ullamco laboris nisi ut aliquip ex ea commodo consequat. Duis aute irure dolor
                  in reprehenderit in voluptate velit esse cillum dolore eu fugiat nulla pariatur. Excepteur sint occaecat cupidatat non proident, sunt in culpa qui officia deserunt mollit anim id est laborum.
                </box>
                Lorem ipsum dolor sit amet, consectetur adipiscing elit, sed do eiusmod tempor incididunt ut labore
                <box type="warning">
                  Lorem ipsum dolor sit amet, consectetur adipiscing elit, sed do eiusmod tempor incididunt ut labore et dolore magna aliqua. Ut enim ad minim veniam, quis nostrud exercitation ullamco laboris nisi ut aliquip ex ea commodo consequat. Duis aute irure dolor
                  in reprehenderit in voluptate velit esse cillum dolore eu fugiat nulla pariatur. Excepteur sint occaecat cupidatat non proident, sunt in culpa qui officia deserunt mollit anim id est laborum.
                </box>
                Lorem ipsum dolor sit amet, consectetur adipiscing elit, sed do eiusmod tempor incididunt ut labore
                <box type="tip">
                  tip
                </box>
                Lorem ipsum dolor sit amet, consectetur adipiscing elit, sed do eiusmod tempor incididunt ut labore
                <box type="important">
                  Lorem ipsum dolor sit amet, consectetur adipiscing elit, sed do eiusmod tempor incididunt ut labore et dolore magna aliqua. Ut enim ad minim veniam, quis nostrud exercitation ullamco laboris nisi ut aliquip ex ea commodo consequat. Duis aute irure dolor
                  in reprehenderit in voluptate velit esse cillum dolore eu fugiat nulla pariatur. Excepteur sint occaecat cupidatat non proident, sunt in culpa qui officia deserunt mollit anim id est laborum.
                </box>
                Lorem ipsum dolor sit amet, consectetur adipiscing elit, sed do eiusmod tempor incididunt ut labore
                <box type="info">
                  Lorem ipsum dolor sit amet, consectetur adipiscing elit, sed do eiusmod tempor incididunt ut labore et dolore magna aliqua. Ut enim ad minim veniam, quis nostrud exercitation ullamco laboris nisi ut aliquip ex ea commodo consequat. Duis aute irure dolor
                  in reprehenderit in voluptate velit esse cillum dolore eu fugiat nulla pariatur. Excepteur sint occaecat cupidatat non proident, sunt in culpa qui officia deserunt mollit anim id est laborum.
                </box>
              </p>
            </td>
            <td style="border: 1px solid black; padding: 3px">
              <p>Lorem ipsum dolor sit amet, consectetur adipiscing elit, sed do eiusmod tempor incididunt ut labore
                <box dismissible="">
                  Lorem ipsum dolor sit amet, consectetur adipiscing elit, sed do eiusmod tempor incididunt ut labore et dolore magna aliqua. Ut enim ad minim veniam, quis nostrud exercitation ullamco laboris nisi ut aliquip ex ea commodo consequat. Duis aute irure dolor
                  in reprehenderit in voluptate velit esse cillum dolore eu fugiat nulla pariatur. Excepteur sint occaecat cupidatat non proident, sunt in culpa qui officia deserunt mollit anim id est laborum.
                </box>
                Lorem ipsum dolor sit amet, consectetur adipiscing elit, sed do eiusmod tempor incididunt ut labore
                <box type="warning" dismissible="">
                  Lorem ipsum dolor sit amet, consectetur adipiscing elit, sed do eiusmod tempor incididunt ut labore et dolore magna aliqua. Ut enim ad minim veniam, quis nostrud exercitation ullamco laboris nisi ut aliquip ex ea commodo consequat. Duis aute irure dolor
                  in reprehenderit in voluptate velit esse cillum dolore eu fugiat nulla pariatur. Excepteur sint occaecat cupidatat non proident, sunt in culpa qui officia deserunt mollit anim id est laborum.
                </box>
                Lorem ipsum dolor sit amet, consectetur adipiscing elit, sed do eiusmod tempor incididunt ut labore
                <box type="tip" dismissible="">
                  tip
                </box>
                Lorem ipsum dolor sit amet, consectetur adipiscing elit, sed do eiusmod tempor incididunt ut labore
                <box type="important" dismissible="">
                  Lorem ipsum dolor sit amet, consectetur adipiscing elit, sed do eiusmod tempor incididunt ut labore et dolore magna aliqua. Ut enim ad minim veniam, quis nostrud exercitation ullamco laboris nisi ut aliquip ex ea commodo consequat. Duis aute irure dolor
                  in reprehenderit in voluptate velit esse cillum dolore eu fugiat nulla pariatur. Excepteur sint occaecat cupidatat non proident, sunt in culpa qui officia deserunt mollit anim id est laborum.
                </box>
                Lorem ipsum dolor sit amet, consectetur adipiscing elit, sed do eiusmod tempor incididunt ut labore
                <box type="info" dismissible="">
                  Lorem ipsum dolor sit amet, consectetur adipiscing elit, sed do eiusmod tempor incididunt ut labore et dolore magna aliqua. Ut enim ad minim veniam, quis nostrud exercitation ullamco laboris nisi ut aliquip ex ea commodo consequat. Duis aute irure dolor
                  in reprehenderit in voluptate velit esse cillum dolore eu fugiat nulla pariatur. Excepteur sint occaecat cupidatat non proident, sunt in culpa qui officia deserunt mollit anim id est laborum.
                </box>
              </p>
            </td>
          </tr>
          <tr>
            <th style="border: 1px solid black; padding: 3px">
              <h2 id="normal-boxes-with-heading">Normal boxes with heading<a class="fa fa-anchor" href="#normal-boxes-with-heading"></a></h2>
            </th>
            <th style="border: 1px solid black; padding: 3px">
              <h2 id="normal-boxes-with-dismissible-with-heading">Normal boxes with dismissible with heading<a class="fa fa-anchor" href="#normal-boxes-with-dismissible-with-heading"></a></h2>
            </th>
          </tr>
          <tr>
            <td style="border: 1px solid black; padding: 3px">
              <p>Lorem ipsum dolor sit amet, consectetur adipiscing elit, sed do eiusmod tempor incididunt ut labore
                <box heading="Tip box heading">
                  Lorem ipsum dolor sit amet, consectetur adipiscing elit, sed do eiusmod tempor incididunt ut labore et dolore magna aliqua. Ut enim ad minim veniam, quis nostrud exercitation ullamco laboris nisi ut aliquip ex ea commodo consequat. Duis aute irure dolor
                  in reprehenderit in voluptate velit esse cillum dolore eu fugiat nulla pariatur. Excepteur sint occaecat cupidatat non proident, sunt in culpa qui officia deserunt mollit anim id est laborum.
                </box>
                Lorem ipsum dolor sit amet, consectetur adipiscing elit, sed do eiusmod tempor incididunt ut labore
                <box type="warning" heading="Tip box heading">
                  Lorem ipsum dolor sit amet, consectetur adipiscing elit, sed do eiusmod tempor incididunt ut labore et dolore magna aliqua. Ut enim ad minim veniam, quis nostrud exercitation ullamco laboris nisi ut aliquip ex ea commodo consequat. Duis aute irure dolor
                  in reprehenderit in voluptate velit esse cillum dolore eu fugiat nulla pariatur. Excepteur sint occaecat cupidatat non proident, sunt in culpa qui officia deserunt mollit anim id est laborum.
                </box>
                Lorem ipsum dolor sit amet, consectetur adipiscing elit, sed do eiusmod tempor incididunt ut labore
                <box type="tip" heading="Tip box heading">
                  tip
                </box>
                Lorem ipsum dolor sit amet, consectetur adipiscing elit, sed do eiusmod tempor incididunt ut labore
                <box type="important" heading="Tip box heading">
                  Lorem ipsum dolor sit amet, consectetur adipiscing elit, sed do eiusmod tempor incididunt ut labore et dolore magna aliqua. Ut enim ad minim veniam, quis nostrud exercitation ullamco laboris nisi ut aliquip ex ea commodo consequat. Duis aute irure dolor
                  in reprehenderit in voluptate velit esse cillum dolore eu fugiat nulla pariatur. Excepteur sint occaecat cupidatat non proident, sunt in culpa qui officia deserunt mollit anim id est laborum.
                </box>
                Lorem ipsum dolor sit amet, consectetur adipiscing elit, sed do eiusmod tempor incididunt ut labore
                <box type="info" heading="Tip box heading">
                  Lorem ipsum dolor sit amet, consectetur adipiscing elit, sed do eiusmod tempor incididunt ut labore et dolore magna aliqua. Ut enim ad minim veniam, quis nostrud exercitation ullamco laboris nisi ut aliquip ex ea commodo consequat. Duis aute irure dolor
                  in reprehenderit in voluptate velit esse cillum dolore eu fugiat nulla pariatur. Excepteur sint occaecat cupidatat non proident, sunt in culpa qui officia deserunt mollit anim id est laborum.
                </box>
              </p>
            </td>
            <td style="border: 1px solid black; padding: 3px">
              <p>Lorem ipsum dolor sit amet, consectetur adipiscing elit, sed do eiusmod tempor incididunt ut labore
                <box heading="Tip box heading" dismissible="">
                  Lorem ipsum dolor sit amet, consectetur adipiscing elit, sed do eiusmod tempor incididunt ut labore et dolore magna aliqua. Ut enim ad minim veniam, quis nostrud exercitation ullamco laboris nisi ut aliquip ex ea commodo consequat. Duis aute irure dolor
                  in reprehenderit in voluptate velit esse cillum dolore eu fugiat nulla pariatur. Excepteur sint occaecat cupidatat non proident, sunt in culpa qui officia deserunt mollit anim id est laborum.
                </box>
                Lorem ipsum dolor sit amet, consectetur adipiscing elit, sed do eiusmod tempor incididunt ut labore
                <box type="warning" heading="Tip box heading" dismissible="">
                  Lorem ipsum dolor sit amet, consectetur adipiscing elit, sed do eiusmod tempor incididunt ut labore et dolore magna aliqua. Ut enim ad minim veniam, quis nostrud exercitation ullamco laboris nisi ut aliquip ex ea commodo consequat. Duis aute irure dolor
                  in reprehenderit in voluptate velit esse cillum dolore eu fugiat nulla pariatur. Excepteur sint occaecat cupidatat non proident, sunt in culpa qui officia deserunt mollit anim id est laborum.
                </box>
                Lorem ipsum dolor sit amet, consectetur adipiscing elit, sed do eiusmod tempor incididunt ut labore
                <box type="tip" heading="Tip box heading" dismissible="">
                  tip
                </box>
                Lorem ipsum dolor sit amet, consectetur adipiscing elit, sed do eiusmod tempor incididunt ut labore
                <box type="important" heading="Tip box heading" dismissible="">
                  Lorem ipsum dolor sit amet, consectetur adipiscing elit, sed do eiusmod tempor incididunt ut labore et dolore magna aliqua. Ut enim ad minim veniam, quis nostrud exercitation ullamco laboris nisi ut aliquip ex ea commodo consequat. Duis aute irure dolor
                  in reprehenderit in voluptate velit esse cillum dolore eu fugiat nulla pariatur. Excepteur sint occaecat cupidatat non proident, sunt in culpa qui officia deserunt mollit anim id est laborum.
                </box>
                Lorem ipsum dolor sit amet, consectetur adipiscing elit, sed do eiusmod tempor incididunt ut labore
                <box type="info" heading="Tip box heading" dismissible="">
                  Lorem ipsum dolor sit amet, consectetur adipiscing elit, sed do eiusmod tempor incididunt ut labore et dolore magna aliqua. Ut enim ad minim veniam, quis nostrud exercitation ullamco laboris nisi ut aliquip ex ea commodo consequat. Duis aute irure dolor
                  in reprehenderit in voluptate velit esse cillum dolore eu fugiat nulla pariatur. Excepteur sint occaecat cupidatat non proident, sunt in culpa qui officia deserunt mollit anim id est laborum.
                </box>
                Lorem ipsum dolor sit amet, consectetur adipiscing elit, sed do eiusmod tempor incididunt ut labore</p>
            </td>
          </tr>
          <tr>
            <th style="border: 1px solid black; padding: 3px">
              <h2 id="light-boxes">light boxes<a class="fa fa-anchor" href="#light-boxes"></a></h2>
            </th>
            <th style="border: 1px solid black; padding: 3px">
              <h2 id="light-boxes-with-dismissible">Light boxes with dismissible<a class="fa fa-anchor" href="#light-boxes-with-dismissible"></a></h2>
            </th>
          </tr>
          <tr>
            <td style="border: 1px solid black; padding: 3px">
              <p>Lorem ipsum dolor sit amet, consectetur adipiscing elit, sed do eiusmod tempor incididunt ut labore
                <box light="">
                  Lorem ipsum dolor sit amet, consectetur adipiscing elit, sed do eiusmod tempor incididunt ut labore et dolore magna aliqua. Ut enim ad minim veniam, quis nostrud exercitation ullamco laboris nisi ut aliquip ex ea commodo consequat. Duis aute irure dolor
                  in reprehenderit in voluptate velit esse cillum dolore eu fugiat nulla pariatur. Excepteur sint occaecat cupidatat non proident, sunt in culpa qui officia deserunt mollit anim id est laborum.
                </box>
                Lorem ipsum dolor sit amet, consectetur adipiscing elit, sed do eiusmod tempor incididunt ut labore
                <box light="" type="warning">
                  Lorem ipsum dolor sit amet, consectetur adipiscing elit, sed do eiusmod tempor incididunt ut labore et dolore magna aliqua. Ut enim ad minim veniam, quis nostrud exercitation ullamco laboris nisi ut aliquip ex ea commodo consequat. Duis aute irure dolor
                  in reprehenderit in voluptate velit esse cillum dolore eu fugiat nulla pariatur. Excepteur sint occaecat cupidatat non proident, sunt in culpa qui officia deserunt mollit anim id est laborum.
                </box>
                Lorem ipsum dolor sit amet, consectetur adipiscing elit, sed do eiusmod tempor incididunt ut labore
                <box light="" type="tip">
                  tip
                </box>
                Lorem ipsum dolor sit amet, consectetur adipiscing elit, sed do eiusmod tempor incididunt ut labore
                <box light="" type="important">
                  Lorem ipsum dolor sit amet, consectetur adipiscing elit, sed do eiusmod tempor incididunt ut labore et dolore magna aliqua. Ut enim ad minim veniam, quis nostrud exercitation ullamco laboris nisi ut aliquip ex ea commodo consequat. Duis aute irure dolor
                  in reprehenderit in voluptate velit esse cillum dolore eu fugiat nulla pariatur. Excepteur sint occaecat cupidatat non proident, sunt in culpa qui officia deserunt mollit anim id est laborum.
                </box>
                Lorem ipsum dolor sit amet, consectetur adipiscing elit, sed do eiusmod tempor incididunt ut labore
                <box light="" type="info">
                  Lorem ipsum dolor sit amet, consectetur adipiscing elit, sed do eiusmod tempor incididunt ut labore et dolore magna aliqua. Ut enim ad minim veniam, quis nostrud exercitation ullamco laboris nisi ut aliquip ex ea commodo consequat. Duis aute irure dolor
                  in reprehenderit in voluptate velit esse cillum dolore eu fugiat nulla pariatur. Excepteur sint occaecat cupidatat non proident, sunt in culpa qui officia deserunt mollit anim id est laborum.
                </box>
              </p>
            </td>
            <td style="border: 1px solid black; padding: 3px">
              <p>Lorem ipsum dolor sit amet, consectetur adipiscing elit, sed do eiusmod tempor incididunt ut labore
                <box light="" dismissible="">
                  Lorem ipsum dolor sit amet, consectetur adipiscing elit, sed do eiusmod tempor incididunt ut labore et dolore magna aliqua. Ut enim ad minim veniam, quis nostrud exercitation ullamco laboris nisi ut aliquip ex ea commodo consequat. Duis aute irure dolor
                  in reprehenderit in voluptate velit esse cillum dolore eu fugiat nulla pariatur. Excepteur sint occaecat cupidatat non proident, sunt in culpa qui officia deserunt mollit anim id est laborum.
                </box>
                Lorem ipsum dolor sit amet, consectetur adipiscing elit, sed do eiusmod tempor incididunt ut labore
                <box light="" type="warning" dismissible="">
                  Lorem ipsum dolor sit amet, consectetur adipiscing elit, sed do eiusmod tempor incididunt ut labore et dolore magna aliqua. Ut enim ad minim veniam, quis nostrud exercitation ullamco laboris nisi ut aliquip ex ea commodo consequat. Duis aute irure dolor
                  in reprehenderit in voluptate velit esse cillum dolore eu fugiat nulla pariatur. Excepteur sint occaecat cupidatat non proident, sunt in culpa qui officia deserunt mollit anim id est laborum.
                </box>
                Lorem ipsum dolor sit amet, consectetur adipiscing elit, sed do eiusmod tempor incididunt ut labore
                <box light="" type="tip" dismissible="">
                  tip
                </box>
                Lorem ipsum dolor sit amet, consectetur adipiscing elit, sed do eiusmod tempor incididunt ut labore
                <box light="" type="important" dismissible="">
                  Lorem ipsum dolor sit amet, consectetur adipiscing elit, sed do eiusmod tempor incididunt ut labore et dolore magna aliqua. Ut enim ad minim veniam, quis nostrud exercitation ullamco laboris nisi ut aliquip ex ea commodo consequat. Duis aute irure dolor
                  in reprehenderit in voluptate velit esse cillum dolore eu fugiat nulla pariatur. Excepteur sint occaecat cupidatat non proident, sunt in culpa qui officia deserunt mollit anim id est laborum.
                </box>
                Lorem ipsum dolor sit amet, consectetur adipiscing elit, sed do eiusmod tempor incididunt ut labore
                <box light="" type="info" dismissible="">
                  Lorem ipsum dolor sit amet, consectetur adipiscing elit, sed do eiusmod tempor incididunt ut labore et dolore magna aliqua. Ut enim ad minim veniam, quis nostrud exercitation ullamco laboris nisi ut aliquip ex ea commodo consequat. Duis aute irure dolor
                  in reprehenderit in voluptate velit esse cillum dolore eu fugiat nulla pariatur. Excepteur sint occaecat cupidatat non proident, sunt in culpa qui officia deserunt mollit anim id est laborum.
                </box>
              </p>
            </td>
          </tr>
          <tr>
            <th style="border: 1px solid black; padding: 3px">
              <h2 id="light-boxes-with-heading">Light boxes with heading<a class="fa fa-anchor" href="#light-boxes-with-heading"></a></h2>
            </th>
            <th style="border: 1px solid black; padding: 3px">
              <h2 id="light-boxes-with-dismissible-with-heading">Light boxes with dismissible with heading<a class="fa fa-anchor" href="#light-boxes-with-dismissible-with-heading"></a></h2>
            </th>
          </tr>
          <tr>
            <td style="border: 1px solid black; padding: 3px">
              <p>Lorem ipsum dolor sit amet, consectetur adipiscing elit, sed do eiusmod tempor incididunt ut labore
                <box light="" heading="Tip box heading">
                  Lorem ipsum dolor sit amet, consectetur adipiscing elit, sed do eiusmod tempor incididunt ut labore et dolore magna aliqua. Ut enim ad minim veniam, quis nostrud exercitation ullamco laboris nisi ut aliquip ex ea commodo consequat. Duis aute irure dolor
                  in reprehenderit in voluptate velit esse cillum dolore eu fugiat nulla pariatur. Excepteur sint occaecat cupidatat non proident, sunt in culpa qui officia deserunt mollit anim id est laborum.
                </box>
                Lorem ipsum dolor sit amet, consectetur adipiscing elit, sed do eiusmod tempor incididunt ut labore
                <box light="" type="warning" heading="Tip box heading">
                  Lorem ipsum dolor sit amet, consectetur adipiscing elit, sed do eiusmod tempor incididunt ut labore et dolore magna aliqua. Ut enim ad minim veniam, quis nostrud exercitation ullamco laboris nisi ut aliquip ex ea commodo consequat. Duis aute irure dolor
                  in reprehenderit in voluptate velit esse cillum dolore eu fugiat nulla pariatur. Excepteur sint occaecat cupidatat non proident, sunt in culpa qui officia deserunt mollit anim id est laborum.
                </box>
                Lorem ipsum dolor sit amet, consectetur adipiscing elit, sed do eiusmod tempor incididunt ut labore
                <box light="" type="tip" heading="Tip box heading">
                  tip
                </box>
                Lorem ipsum dolor sit amet, consectetur adipiscing elit, sed do eiusmod tempor incididunt ut labore
                <box light="" type="important" heading="Tip box heading">
                  Lorem ipsum dolor sit amet, consectetur adipiscing elit, sed do eiusmod tempor incididunt ut labore et dolore magna aliqua. Ut enim ad minim veniam, quis nostrud exercitation ullamco laboris nisi ut aliquip ex ea commodo consequat. Duis aute irure dolor
                  in reprehenderit in voluptate velit esse cillum dolore eu fugiat nulla pariatur. Excepteur sint occaecat cupidatat non proident, sunt in culpa qui officia deserunt mollit anim id est laborum.
                </box>
                Lorem ipsum dolor sit amet, consectetur adipiscing elit, sed do eiusmod tempor incididunt ut labore
                <box light="" type="info" heading="Tip box heading">
                  Lorem ipsum dolor sit amet, consectetur adipiscing elit, sed do eiusmod tempor incididunt ut labore et dolore magna aliqua. Ut enim ad minim veniam, quis nostrud exercitation ullamco laboris nisi ut aliquip ex ea commodo consequat. Duis aute irure dolor
                  in reprehenderit in voluptate velit esse cillum dolore eu fugiat nulla pariatur. Excepteur sint occaecat cupidatat non proident, sunt in culpa qui officia deserunt mollit anim id est laborum.
                </box>
              </p>
            </td>
            <td style="border: 1px solid black; padding: 3px">
              <p>Lorem ipsum dolor sit amet, consectetur adipiscing elit, sed do eiusmod tempor incididunt ut labore
                <box light="" heading="Tip box heading" dismissible="">
                  Lorem ipsum dolor sit amet, consectetur adipiscing elit, sed do eiusmod tempor incididunt ut labore et dolore magna aliqua. Ut enim ad minim veniam, quis nostrud exercitation ullamco laboris nisi ut aliquip ex ea commodo consequat. Duis aute irure dolor
                  in reprehenderit in voluptate velit esse cillum dolore eu fugiat nulla pariatur. Excepteur sint occaecat cupidatat non proident, sunt in culpa qui officia deserunt mollit anim id est laborum.
                </box>
                Lorem ipsum dolor sit amet, consectetur adipiscing elit, sed do eiusmod tempor incididunt ut labore
                <box light="" type="warning" heading="Tip box heading" dismissible="">
                  Lorem ipsum dolor sit amet, consectetur adipiscing elit, sed do eiusmod tempor incididunt ut labore et dolore magna aliqua. Ut enim ad minim veniam, quis nostrud exercitation ullamco laboris nisi ut aliquip ex ea commodo consequat. Duis aute irure dolor
                  in reprehenderit in voluptate velit esse cillum dolore eu fugiat nulla pariatur. Excepteur sint occaecat cupidatat non proident, sunt in culpa qui officia deserunt mollit anim id est laborum.
                </box>
                Lorem ipsum dolor sit amet, consectetur adipiscing elit, sed do eiusmod tempor incididunt ut labore
                <box light="" type="tip" heading="Tip box heading" dismissible="">
                  tip
                </box>
                Lorem ipsum dolor sit amet, consectetur adipiscing elit, sed do eiusmod tempor incididunt ut labore
                <box light="" type="important" heading="Tip box heading" dismissible="">
                  Lorem ipsum dolor sit amet, consectetur adipiscing elit, sed do eiusmod tempor incididunt ut labore et dolore magna aliqua. Ut enim ad minim veniam, quis nostrud exercitation ullamco laboris nisi ut aliquip ex ea commodo consequat. Duis aute irure dolor
                  in reprehenderit in voluptate velit esse cillum dolore eu fugiat nulla pariatur. Excepteur sint occaecat cupidatat non proident, sunt in culpa qui officia deserunt mollit anim id est laborum.
                </box>
                Lorem ipsum dolor sit amet, consectetur adipiscing elit, sed do eiusmod tempor incididunt ut labore
                <box light="" type="info" heading="Tip box heading" dismissible="">
                  Lorem ipsum dolor sit amet, consectetur adipiscing elit, sed do eiusmod tempor incididunt ut labore et dolore magna aliqua. Ut enim ad minim veniam, quis nostrud exercitation ullamco laboris nisi ut aliquip ex ea commodo consequat. Duis aute irure dolor
                  in reprehenderit in voluptate velit esse cillum dolore eu fugiat nulla pariatur. Excepteur sint occaecat cupidatat non proident, sunt in culpa qui officia deserunt mollit anim id est laborum.
                </box>
              </p>
            </td>
          </tr>
        </table>
        <br>
        <h1 id="heading-3">Heading 3<a class="fa fa-anchor" href="#heading-3"></a></h1>
        <panel header="Expandable panel" type="info">
          Some text some text some text some text some text some text some text. Some text some text some text some text some text some text some text. Some text some text some text some text some text some text some text some text some text some text some text
          some text some text some text. Some text some text some text some text some text some text. Some text some text some text some text some text some text some text.
        </panel>
        <br>
        <panel header="Expanded panel" alt="Minimized panel" type="success" minimized="">
          ...
        </panel>
        <br>
        <panel header="Expanded panel" alt="Minimized panel" type="seamless">
          ...
        </panel>
        <br>
        <p>Lorem ipsum dolor sit amet, consectetur adipiscing elit, sed do eiusmod tempor incididunt ut labore et dolore magna aliqua.
          <panel header="___Minimal panel **->**___" type="minimal" alt="Minimal panel" popup-url="https://markbind.org/userGuide/usingComponents.html#panels" no-switch="">
            Ut enim ad minim veniam, quis nostrud exercitation ullamco laboris nisi ut aliquip ex ea commodo consequat. Duis aute irure dolor in reprehenderit in voluptate velit esse cillum dolore eu fugiat nulla pariatur.
          </panel>
        </p>
        <p>Excepteur sint occaecat cupidatat non proident, sunt in culpa qui officia deserunt mollit anim id est laborum.</p>
      </div>
      <nav id="page-nav" class="navbar navbar-light bg-transparent">
        <div class="border-left-grey nav-inner position-sticky slim-scroll">
          <a class="navbar-brand page-nav-title" href="#">Chapters of This Page</a>
          <nav class="nav nav-pills flex-column my-0 small no-flex-wrap">
            <a class="nav-link py-1" href="#heading-1">Heading 1&#x200E;</a>
            <nav class="nav nav-pills flex-column my-0 nested no-flex-wrap">
              <a class="nav-link py-1" href="#sub-heading-1-1">Sub Heading 1.1&#x200E;</a>
              <a class="nav-link py-1" href="#sub-heading-1-2">Sub Heading 1.2&#x200E;</a>
            </nav>
            <a class="nav-link py-1" href="#heading-2">Heading 2&#x200E;</a>
            <nav class="nav nav-pills flex-column my-0 nested no-flex-wrap">
              <a class="nav-link py-1" href="#normal-boxes">Normal boxes&#x200E;</a>
              <a class="nav-link py-1" href="#normal-boxes-with-dismissible">Normal boxes with dismissible&#x200E;</a>
              <a class="nav-link py-1" href="#normal-boxes-with-heading">Normal boxes with heading&#x200E;</a>
              <a class="nav-link py-1" href="#normal-boxes-with-dismissible-with-heading">Normal boxes with dismissible with heading&#x200E;</a>
              <a class="nav-link py-1" href="#light-boxes">light boxes&#x200E;</a>
              <a class="nav-link py-1" href="#light-boxes-with-dismissible">Light boxes with dismissible&#x200E;</a>
              <a class="nav-link py-1" href="#light-boxes-with-heading">Light boxes with heading&#x200E;</a>
              <a class="nav-link py-1" href="#light-boxes-with-dismissible-with-heading">Light boxes with dismissible with heading&#x200E;</a>
            </nav>
            <a class="nav-link py-1" href="#heading-3">Heading 3&#x200E;</a>

          </nav>
        </div>
      </nav>
    </div>
  </div>
</body>
<script src="markbind/js/vue.min.js"></script>
<script src="markbind/js/vue-strap.min.js"></script>
<script src="markbind/js/bootstrap-utility.min.js"></script>
<script src="markbind/js/polyfill.min.js"></script>
<script src="markbind/js/bootstrap-vue.min.js"></script>
<script>
  const baseUrl = ''
  const enableSearch = true
</script>
<script src="markbind/js/setup.js"></script>
<script src="markbind/layouts/default/scripts.js"></script>

</html>