{
  "enableSearch": true,
  "pages": [
    {
      "headings": {
        "undefined": "Landing Page Title",
        "heading-1": "Heading 1",
        "sub-heading-1-1": "Sub Heading 1.1",
        "sub-heading-1-2": "Sub Heading 1.2",
        "heading-2": "Heading 2",
        "normal-boxes": "Normal boxes",
        "normal-boxes-with-dismissible": "Normal boxes with dismissible",
        "normal-boxes-with-heading": "Normal boxes with heading",
        "normal-boxes-with-dismissible-with-heading": "Normal boxes with dismissible with heading",
        "light-boxes": "light boxes",
        "light-boxes-with-dismissible": "Light boxes with dismissible",
        "light-boxes-with-heading": "Light boxes with heading",
        "light-boxes-with-dismissible-with-heading": "Light boxes with dismissible with heading",
        "heading-3": "Heading 3"
      },
      "header": "header.md",
      "pageNav": 2,
      "pageNavTitle": "Chapters of This Page",
      "src": "index.md",
      "title": "Landing Page",
      "layout": "default"
    },
    {
      "headings": {
        "topic-1": "Topic 1"
      },
      "header": "header.md",
      "siteNav": "site-nav.md",
      "src": "contents/topic1.md",
      "title": "",
      "layout": "default"
    },
    {
      "headings": {},
      "header": "header.md",
      "siteNav": "site-nav.md",
      "src": "contents/topic2.md",
      "title": "",
      "layout": "default"
    },
    {
      "headings": {},
      "header": "header.md",
      "siteNav": "site-nav.md",
      "src": "contents/topic3a.md",
      "title": "",
      "layout": "default"
    },
    {
      "headings": {},
      "header": "header.md",
      "siteNav": "site-nav.md",
      "src": "contents/topic3b.md",
      "title": "",
      "layout": "default"
    }
  ]
}
