<h3 id="normal-panel-content-heading">Normal panel content heading</h3>