<seg id="def-nfr" title="Non Functional Requirements">
  <div>
    <p>In contrast to <strong>Functional Requirements</strong> which specify what the system should do,
      <strong>Non-Functional Requirements</strong> specify the constraints under which system is developed and operated.</p>
  </div>
  <p>
    <seg id="preview">Requirements gathering, requirements elicitation, requirements analysis, requirements capture are some of the terms commonly <strong>and</strong> interchangeably used to represent the activity of understanding what a software product should do.</seg>
  </p>
</seg>