<h1 id="path-within-the-boilerplate-folder-is-separately-specified">Path within the boilerplate folder is separately specified</h1>
<p>This is dynamically included.</p>
<p>Like static include, pages within the site should be able to use files located in folders within boilerplate.</p>
<p>Also, the boilerplate file name (e.g. <code>inside.md</code>) and the file that it is supposed to act as (<code>notInside.md</code>) can be different.</p>
<p>This file should behaves as if it is in the <code>requirements</code> folder:</p>
<panel header="Tested with the folllowing include" src="/test_site/requirements/NonFunctionalRequirements._include_.html"></panel>