<h3 id="normal-panel-content-heading"><span id="normal-panel-content-heading" class="anchor"></span>Normal panel content heading<a class="fa fa-anchor" href="#normal-panel-content-heading" onclick="event.stopPropagation()"></a></h3>