<!DOCTYPE html>
<html>

<head>
  <meta charset="utf-8">
  <meta http-equiv="X-UA-Compatible" content="IE=edge">
  <meta name="generator" content="MarkBind 5.4.0">
  <meta name="viewport" content="width=device-width, initial-scale=1">
  <title>Developer Guide - ProjectEx</title>
  <link rel="stylesheet" href="/markbind/css/bootstrap.min.css">
  <link rel="stylesheet" href="/markbind/fontawesome/css/all.min.css">
  <link rel="stylesheet" href="/markbind/glyphicons/css/bootstrap-glyphicons.min.css">
  <link rel="stylesheet" href="/markbind/css/codeblock-light.min.css">
  <link rel="stylesheet" href="/markbind/css/markbind.min.css">
  <script src="/markbind/js/polyfill.min.js" defer></script>
  <script src="/markbind/js/vue.min.js" defer></script>
  <script src="/markbind/js/markbind.min.js" defer></script>
  <script src="DeveloperGuide.page-vue-render.js" defer></script>
  <link rel="stylesheet" href="/plugins/markbind-plugin-anchors/markbind-plugin-anchors.css">
  <link rel="stylesheet" href="/plugins/markbind-plugin-tree/markbind-plugin-tree.css">

  <link rel="stylesheet" href="/stylesheets/main.css">
  <link rel="icon" href="/images/SeEduLogo.png">
</head>
<script>
  const baseUrl = ''
</script>

<body data-bs-spy="scroll" data-bs-target="#mb-page-nav" data-bs-offset="100">
  <div id="app">
    <header sticky>
      <navbar type="dark">
        <template #brand><a href="/index.html" title="Home" class="navbar-brand">ProjectEx</a></template>
        <li><a highlight-on="sibling-or-child" href="/userGuide/UserGuide.html" class="nav-link">User Guide</a></li>
        <li><a highlight-on="sibling-or-child" href="/developerGuide/DeveloperGuide.html" class="nav-link">Developer Guide</a></li>
        <li><a highlight-on="sibling-or-child" href="/team/AboutUs.html" class="nav-link">About Us</a></li>
        <li><a href="https://github.com/se-edu" target="_blank" class="nav-link"><span><span aria-hidden="true" class="fab fa-github"></span></span></a></li>
        <template #right>
          <li>
            <form class="navbar-form">
              <searchbar :data="searchData" placeholder="Search" :on-hit="searchCallback" menu-align-right></searchbar>
            </form>
          </li>
        </template>
      </navbar>
    </header>
    <div id="flex-body">
      <overlay-source id="site-nav" tag-name="nav" to="site-nav">
        <div class="nav-component slim-scroll">
          <site-nav>
            <overlay-source class="site-nav-list site-nav-list-root" tag-name="ul" to="mb-site-nav">
              <li>
                <div class="site-nav-default-list-item site-nav-list-item-0" onclick="handleSiteNavClick(this)"><a href="/index.html">Home</a></div>
              </li>
              <li>
                <div class="site-nav-default-list-item site-nav-list-item-0" onclick="handleSiteNavClick(this)"><a href="/userGuide/UserGuide.html">User Guide</a>

                  <div class="site-nav-dropdown-btn-container"><i class="site-nav-dropdown-btn-icon site-nav-rotate-icon" onclick="handleSiteNavClick(this.parentNode.parentNode, false); event.stopPropagation();">
                      <span class="glyphicon glyphicon-menu-down" aria-hidden="true"></span>
                    </i></div>
                </div>
                <ul class="site-nav-dropdown-container site-nav-dropdown-container-open site-nav-list">
                  <li>
                    <div class="site-nav-default-list-item site-nav-list-item-1" onclick="handleSiteNavClick(this)"><a href="/userGuide/QuickStart.html">Quick Start</a></div>
                  </li>
                  <li>
                    <div class="site-nav-default-list-item site-nav-list-item-1" onclick="handleSiteNavClick(this)"><a href="/userGuide/Features.html">Features</a></div>
                  </li>
                  <li>
                    <div class="site-nav-default-list-item site-nav-list-item-1" onclick="handleSiteNavClick(this)"><a href="/userGuide/FAQ.html">FAQ</a></div>
                  </li>
                </ul>
              </li>
              <li>
                <div class="site-nav-default-list-item site-nav-list-item-0" onclick="handleSiteNavClick(this)"><a href="/developerGuide/DeveloperGuide.html">Developer Guide</a>

                  <div class="site-nav-dropdown-btn-container"><i class="site-nav-dropdown-btn-icon site-nav-rotate-icon" onclick="handleSiteNavClick(this.parentNode.parentNode, false); event.stopPropagation();">
                      <span class="glyphicon glyphicon-menu-down" aria-hidden="true"></span>
                    </i></div>
                </div>
                <ul class="site-nav-dropdown-container site-nav-dropdown-container-open site-nav-list">
                  <li>
                    <div class="site-nav-default-list-item site-nav-list-item-1" onclick="handleSiteNavClick(this)"><a href="/developerGuide/SettingUp.html">Setting Up</a>

                      <div class="site-nav-dropdown-btn-container"><i class="site-nav-dropdown-btn-icon" onclick="handleSiteNavClick(this.parentNode.parentNode, false); event.stopPropagation();">
                          <span class="glyphicon glyphicon-menu-down" aria-hidden="true"></span>
                        </i></div>
                    </div>
                    <ul class="site-nav-dropdown-container site-nav-list">
                      <li>
                        <div class="site-nav-default-list-item site-nav-list-item-2" onclick="handleSiteNavClick(this)"><a href="/developerGuide/TracingCode.html">Tutorial: Tracing code</a></div>
                      </li>
                    </ul>
                  </li>
                  <li>
                    <div class="site-nav-default-list-item site-nav-list-item-1" onclick="handleSiteNavClick(this)"><a href="/developerGuide/Design.html">Design</a></div>
                  </li>
                  <li>
                    <div class="site-nav-default-list-item site-nav-list-item-1" onclick="handleSiteNavClick(this)"><a href="/developerGuide/Implementation.html">Implementation</a></div>
                  </li>
                  <li>
                    <div class="site-nav-default-list-item site-nav-list-item-1" onclick="handleSiteNavClick(this)">Project Guides

                      <div class="site-nav-dropdown-btn-container"><i class="site-nav-dropdown-btn-icon" onclick="handleSiteNavClick(this.parentNode.parentNode, false); event.stopPropagation();">
                          <span class="glyphicon glyphicon-menu-down" aria-hidden="true"></span>
                        </i></div>
                    </div>
                    <ul class="site-nav-dropdown-container site-nav-list">
                      <li>
                        <div class="site-nav-default-list-item site-nav-list-item-2" onclick="handleSiteNavClick(this)"><a href="/developerGuide/Documentation.html">Documentation</a></div>
                      </li>
                      <li>
                        <div class="site-nav-default-list-item site-nav-list-item-2" onclick="handleSiteNavClick(this)"><a href="/developerGuide/Testing.html">Testing</a></div>
                      </li>
                      <li>
                        <div class="site-nav-default-list-item site-nav-list-item-2" onclick="handleSiteNavClick(this)"><a href="/developerGuide/Configuration.html">Configuration</a></div>
                      </li>
                      <li>
                        <div class="site-nav-default-list-item site-nav-list-item-2" onclick="handleSiteNavClick(this)"><a href="/developerGuide/DevOps.html">DevOps</a></div>
                      </li>
                    </ul>
                  </li>
                  <li>
                    <div class="site-nav-default-list-item site-nav-list-item-1" onclick="handleSiteNavClick(this)">Appendix

                      <div class="site-nav-dropdown-btn-container"><i class="site-nav-dropdown-btn-icon" onclick="handleSiteNavClick(this.parentNode.parentNode, false); event.stopPropagation();">
                          <span class="glyphicon glyphicon-menu-down" aria-hidden="true"></span>
                        </i></div>
                    </div>
                    <ul class="site-nav-dropdown-container site-nav-list">
                      <li>
                        <div class="site-nav-default-list-item site-nav-list-item-2" onclick="handleSiteNavClick(this)"><a href="/developerGuide/Requirements.html">Requirements</a></div>
                      </li>
                    </ul>
                  </li>
                </ul>
              </li>
              <li>
                <div class="site-nav-default-list-item site-nav-list-item-0" onclick="handleSiteNavClick(this)"><a href="/team/AboutUs.html">About Us</a>

                  <div class="site-nav-dropdown-btn-container"><i class="site-nav-dropdown-btn-icon site-nav-rotate-icon" onclick="handleSiteNavClick(this.parentNode.parentNode, false); event.stopPropagation();">
                      <span class="glyphicon glyphicon-menu-down" aria-hidden="true"></span>
                    </i></div>
                </div>
                <ul class="site-nav-dropdown-container site-nav-dropdown-container-open site-nav-list">
                  <li>
                    <div class="site-nav-default-list-item site-nav-list-item-1" onclick="handleSiteNavClick(this)"><a href="/team/johndoe.html">Contributor Portfolio Template</a></div>
                  </li>
                </ul>
              </li>
            </overlay-source>
          </site-nav>
        </div>
      </overlay-source>
      <div id="content-wrapper">

        <h1 id="projectex-developer-guide">ProjectEx Developer Guide<a class="fa fa-anchor" href="#projectex-developer-guide" onclick="event.stopPropagation()"></a></h1>
        <hr>
        <h2 id="introduction">Introduction<a class="fa fa-anchor" href="#introduction" onclick="event.stopPropagation()"></a></h2>
        <p>Welcome to the Developer Guide. This guide helps developers understand the architecture, setup, and development workflows of our software, serving as your starting point and companion.</p>
        <h2 id="purpose-of-this-guide">Purpose of this Guide<a class="fa fa-anchor" href="#purpose-of-this-guide" onclick="event.stopPropagation()"></a></h2>
        <p>The main objectives of this guide are to:</p>
        <ol>
          <li>Orient new developers to the software's architecture and codebase structure.</li>
          <li>Provide a comprehensive reference for the development practices, coding standards, and tools used.</li>
          <li>Detail the setup process for a development environment.</li>
        </ol>
        <h2 id="acknowledgements"><strong>Acknowledgements</strong><a class="fa fa-anchor" href="#acknowledgements" onclick="event.stopPropagation()"></a></h2>
        <p><em>{ List and link sources of all reused/adapted ideas, code, documentation, and third-party libraries }</em></p>
      </div>
      <overlay-source id="page-nav" tag-name="nav" to="page-nav">
        <div class="nav-component slim-scroll">

          <overlay-source id="mb-page-nav" tag-name="nav" to="mb-page-nav" class="nav nav-pills flex-column my-0 small no-flex-wrap">
            <a class="nav-link py-1" href="#projectex-developer-guide" v-pre>ProjectEx Developer Guide&#x200E;</a>
            <nav class="nav nav-pills flex-column my-0 nested no-flex-wrap">
              <a class="nav-link py-1" href="#introduction" v-pre>Introduction&#x200E;</a>
              <a class="nav-link py-1" href="#purpose-of-this-guide" v-pre>Purpose of this Guide&#x200E;</a>
              <a class="nav-link py-1" href="#acknowledgements" v-pre>Acknowledgements&#x200E;</a>
            </nav>

          </overlay-source>
        </div>
      </overlay-source>
      <scroll-top-button></scroll-top-button>
    </div>
    <footer>

      <div class="text-center">
        <small>[<span><strong>Powered by</strong></span> <img src="https://markbind.org/favicon.ico" width="30"> <a href="https://markbind.org/">MarkBind 5.4.0</a>]</small>
      </div>
    </footer>
  </div>
</body>
<script src="/markbind/js/bootstrap-utility.min.js"></script>
<script>
  MarkBind.setupWithSearch()
</script>

</html>