<!DOCTYPE html>
<html>

<head>
  <meta charset="utf-8">
  <meta http-equiv="X-UA-Compatible" content="IE=edge">
  <meta name="generator" content="MarkBind 5.4.0">
  <meta name="viewport" content="width=device-width, initial-scale=1">
  <title>Setting up and getting started - ProjectEx</title>
  <link rel="stylesheet" href="/markbind/css/bootstrap.min.css">
  <link rel="stylesheet" href="/markbind/fontawesome/css/all.min.css">
  <link rel="stylesheet" href="/markbind/glyphicons/css/bootstrap-glyphicons.min.css">
  <link rel="stylesheet" href="/markbind/css/codeblock-light.min.css">
  <link rel="stylesheet" href="/markbind/css/markbind.min.css">
  <script src="/markbind/js/polyfill.min.js" defer></script>
  <script src="/markbind/js/vue.min.js" defer></script>
  <script src="/markbind/js/markbind.min.js" defer></script>
  <script src="SettingUp.page-vue-render.js" defer></script>
  <link rel="stylesheet" href="/plugins/markbind-plugin-anchors/markbind-plugin-anchors.css">
  <link rel="stylesheet" href="/plugins/markbind-plugin-tree/markbind-plugin-tree.css">

  <link rel="stylesheet" href="/stylesheets/main.css">
  <link rel="icon" href="/images/SeEduLogo.png">
</head>
<script>
  const baseUrl = ''
</script>

<body data-bs-spy="scroll" data-bs-target="#mb-page-nav" data-bs-offset="100">
  <div id="app">
    <header sticky>
      <navbar type="dark">
        <template #brand><a href="/index.html" title="Home" class="navbar-brand">ProjectEx</a></template>
        <li><a highlight-on="sibling-or-child" href="/userGuide/UserGuide.html" class="nav-link">User Guide</a></li>
        <li><a highlight-on="sibling-or-child" href="/developerGuide/DeveloperGuide.html" class="nav-link">Developer Guide</a></li>
        <li><a highlight-on="sibling-or-child" href="/team/AboutUs.html" class="nav-link">About Us</a></li>
        <li><a href="https://github.com/se-edu" target="_blank" class="nav-link"><span><span aria-hidden="true" class="fab fa-github"></span></span></a></li>
        <template #right>
          <li>
            <form class="navbar-form">
              <searchbar :data="searchData" placeholder="Search" :on-hit="searchCallback" menu-align-right></searchbar>
            </form>
          </li>
        </template>
      </navbar>
    </header>
    <div id="flex-body">
      <overlay-source id="site-nav" tag-name="nav" to="site-nav">
        <div class="nav-component slim-scroll">
          <site-nav>
            <overlay-source class="site-nav-list site-nav-list-root" tag-name="ul" to="mb-site-nav">
              <li>
                <div class="site-nav-default-list-item site-nav-list-item-0" onclick="handleSiteNavClick(this)"><a href="/index.html">Home</a></div>
              </li>
              <li>
                <div class="site-nav-default-list-item site-nav-list-item-0" onclick="handleSiteNavClick(this)"><a href="/userGuide/UserGuide.html">User Guide</a>

                  <div class="site-nav-dropdown-btn-container"><i class="site-nav-dropdown-btn-icon site-nav-rotate-icon" onclick="handleSiteNavClick(this.parentNode.parentNode, false); event.stopPropagation();">
                      <span class="glyphicon glyphicon-menu-down" aria-hidden="true"></span>
                    </i></div>
                </div>
                <ul class="site-nav-dropdown-container site-nav-dropdown-container-open site-nav-list">
                  <li>
                    <div class="site-nav-default-list-item site-nav-list-item-1" onclick="handleSiteNavClick(this)"><a href="/userGuide/QuickStart.html">Quick Start</a></div>
                  </li>
                  <li>
                    <div class="site-nav-default-list-item site-nav-list-item-1" onclick="handleSiteNavClick(this)"><a href="/userGuide/Features.html">Features</a></div>
                  </li>
                  <li>
                    <div class="site-nav-default-list-item site-nav-list-item-1" onclick="handleSiteNavClick(this)"><a href="/userGuide/FAQ.html">FAQ</a></div>
                  </li>
                </ul>
              </li>
              <li>
                <div class="site-nav-default-list-item site-nav-list-item-0" onclick="handleSiteNavClick(this)"><a href="/developerGuide/DeveloperGuide.html">Developer Guide</a>

                  <div class="site-nav-dropdown-btn-container"><i class="site-nav-dropdown-btn-icon site-nav-rotate-icon" onclick="handleSiteNavClick(this.parentNode.parentNode, false); event.stopPropagation();">
                      <span class="glyphicon glyphicon-menu-down" aria-hidden="true"></span>
                    </i></div>
                </div>
                <ul class="site-nav-dropdown-container site-nav-dropdown-container-open site-nav-list">
                  <li>
                    <div class="site-nav-default-list-item site-nav-list-item-1" onclick="handleSiteNavClick(this)"><a href="/developerGuide/SettingUp.html">Setting Up</a>

                      <div class="site-nav-dropdown-btn-container"><i class="site-nav-dropdown-btn-icon" onclick="handleSiteNavClick(this.parentNode.parentNode, false); event.stopPropagation();">
                          <span class="glyphicon glyphicon-menu-down" aria-hidden="true"></span>
                        </i></div>
                    </div>
                    <ul class="site-nav-dropdown-container site-nav-list">
                      <li>
                        <div class="site-nav-default-list-item site-nav-list-item-2" onclick="handleSiteNavClick(this)"><a href="/developerGuide/TracingCode.html">Tutorial: Tracing code</a></div>
                      </li>
                    </ul>
                  </li>
                  <li>
                    <div class="site-nav-default-list-item site-nav-list-item-1" onclick="handleSiteNavClick(this)"><a href="/developerGuide/Design.html">Design</a></div>
                  </li>
                  <li>
                    <div class="site-nav-default-list-item site-nav-list-item-1" onclick="handleSiteNavClick(this)"><a href="/developerGuide/Implementation.html">Implementation</a></div>
                  </li>
                  <li>
                    <div class="site-nav-default-list-item site-nav-list-item-1" onclick="handleSiteNavClick(this)">Project Guides

                      <div class="site-nav-dropdown-btn-container"><i class="site-nav-dropdown-btn-icon" onclick="handleSiteNavClick(this.parentNode.parentNode, false); event.stopPropagation();">
                          <span class="glyphicon glyphicon-menu-down" aria-hidden="true"></span>
                        </i></div>
                    </div>
                    <ul class="site-nav-dropdown-container site-nav-list">
                      <li>
                        <div class="site-nav-default-list-item site-nav-list-item-2" onclick="handleSiteNavClick(this)"><a href="/developerGuide/Documentation.html">Documentation</a></div>
                      </li>
                      <li>
                        <div class="site-nav-default-list-item site-nav-list-item-2" onclick="handleSiteNavClick(this)"><a href="/developerGuide/Testing.html">Testing</a></div>
                      </li>
                      <li>
                        <div class="site-nav-default-list-item site-nav-list-item-2" onclick="handleSiteNavClick(this)"><a href="/developerGuide/Configuration.html">Configuration</a></div>
                      </li>
                      <li>
                        <div class="site-nav-default-list-item site-nav-list-item-2" onclick="handleSiteNavClick(this)"><a href="/developerGuide/DevOps.html">DevOps</a></div>
                      </li>
                    </ul>
                  </li>
                  <li>
                    <div class="site-nav-default-list-item site-nav-list-item-1" onclick="handleSiteNavClick(this)">Appendix

                      <div class="site-nav-dropdown-btn-container"><i class="site-nav-dropdown-btn-icon" onclick="handleSiteNavClick(this.parentNode.parentNode, false); event.stopPropagation();">
                          <span class="glyphicon glyphicon-menu-down" aria-hidden="true"></span>
                        </i></div>
                    </div>
                    <ul class="site-nav-dropdown-container site-nav-list">
                      <li>
                        <div class="site-nav-default-list-item site-nav-list-item-2" onclick="handleSiteNavClick(this)"><a href="/developerGuide/Requirements.html">Requirements</a></div>
                      </li>
                    </ul>
                  </li>
                </ul>
              </li>
              <li>
                <div class="site-nav-default-list-item site-nav-list-item-0" onclick="handleSiteNavClick(this)"><a href="/team/AboutUs.html">About Us</a>

                  <div class="site-nav-dropdown-btn-container"><i class="site-nav-dropdown-btn-icon site-nav-rotate-icon" onclick="handleSiteNavClick(this.parentNode.parentNode, false); event.stopPropagation();">
                      <span class="glyphicon glyphicon-menu-down" aria-hidden="true"></span>
                    </i></div>
                </div>
                <ul class="site-nav-dropdown-container site-nav-dropdown-container-open site-nav-list">
                  <li>
                    <div class="site-nav-default-list-item site-nav-list-item-1" onclick="handleSiteNavClick(this)"><a href="/team/johndoe.html">Contributor Portfolio Template</a></div>
                  </li>
                </ul>
              </li>
            </overlay-source>
          </site-nav>
        </div>
      </overlay-source>
      <div id="content-wrapper">

        <h1 id="setting-up-and-getting-started">Setting up and getting started<a class="fa fa-anchor" href="#setting-up-and-getting-started" onclick="event.stopPropagation()"></a></h1>
        <hr>
        <box type="tip">
          This page can be used to help developers with setting up the project in their local environment.
        </box>
        <h2 id="setting-up-the-project-in-your-computer">Setting up the project in your computer<a class="fa fa-anchor" href="#setting-up-the-project-in-your-computer" onclick="event.stopPropagation()"></a></h2>
        <box type="warning" seamless>
          <p><strong>Caution:</strong>
            Follow the steps in the following guide precisely. Things will not work out if you deviate in some steps.</p>
        </box>
        <p>First, <strong>fork</strong> the project repo, and <strong>clone</strong> the fork into your computer.</p>
        <p>
          <popover id="pop:trigger_id"><template #content>eg. <code class="hljs inline no-lang" v-pre>init</code> or <code class="hljs inline no-lang" v-pre>build</code> commands</template></popover>
          (Example) Steps to setup the project environment:
        </p>
        <ol>
          <li><strong>Download packages</strong>: Run <code class="hljs inline no-lang" v-pre>npm install</code> to download the required packages.</li>
          <li><strong>Run setup commands</strong>: Run <trigger for="pop:trigger_id">commands</trigger> needed to setup the project.<box type="warning" seamless>
              Note: Remember to run commands from the appropriate directory.
            </box>
          </li>
          <li><strong>Configure files</strong>: Edit config files according to your needs. For example, changing the <code class="hljs inline no-lang" v-pre>appTitle</code> in <code class="hljs inline no-lang" v-pre>config.js</code> to match your project name.</li>
          <li><strong>Verify the setup (optional)</strong>:
            <ol>
              <li>Run the <code class="hljs inline no-lang" v-pre>build</code> and <code class="hljs inline no-lang" v-pre>serve</code> commands, ensuring that the site properly deploys on your local host.</li>
              <li><a href="/developerGuide/Testing.html">Run the tests</a> to ensure they all pass.</li>
            </ol>
          </li>
        </ol>
        <hr>
        <h2 id="before-writing-code">Before writing code<a class="fa fa-anchor" href="#before-writing-code" onclick="event.stopPropagation()"></a></h2>
        <ol>
          <li>
            <p><strong>Configure the coding style</strong></p>
            <p>Configure your VSCode or IDEA checkstyle to allign with the project's coding style.</p>
            <box type="tip" seamless>
              <p><strong>Tip:</strong>
                You can easily customize your IDE's coding style through settings.</p>
            </box>
          </li>
          <li>
            <p><strong>Set up CI</strong></p>
            <p>This project comes with a GitHub Actions config files (in <code class="hljs inline no-lang" v-pre>.github/workflows</code> folder). When GitHub detects those files, it will run the CI for your project automatically at each push to the <code class="hljs inline no-lang" v-pre>master</code> branch or to any PR. No set up required.</p>
          </li>
          <li>
            <p><strong>Learn the design</strong></p>
            <p>When you are ready to start coding, we recommend that you get some sense of the overall design by reading about <a href="/developerGuide/Design.html#Architecture">ProjectEx’s architecture</a>.</p>
          </li>
          <li>
            <p><strong>Do the tutorial</strong></p>
            <p>The <a href="/developerGuide/TracingCode.html">Tracing Code tutorial</a> can help you get acquainted with the codebase.</p>
          </li>
        </ol>
      </div>
      <overlay-source id="page-nav" tag-name="nav" to="page-nav">
        <div class="nav-component slim-scroll">

          <overlay-source id="mb-page-nav" tag-name="nav" to="mb-page-nav" class="nav nav-pills flex-column my-0 small no-flex-wrap">
            <a class="nav-link py-1" href="#setting-up-and-getting-started" v-pre>Setting up and getting started&#x200E;</a>
            <nav class="nav nav-pills flex-column my-0 nested no-flex-wrap">
              <a class="nav-link py-1" href="#setting-up-the-project-in-your-computer" v-pre>Setting up the project in your computer&#x200E;</a>
              <a class="nav-link py-1" href="#before-writing-code" v-pre>Before writing code&#x200E;</a>
            </nav>

          </overlay-source>
        </div>
      </overlay-source>
      <scroll-top-button></scroll-top-button>
    </div>
    <footer>

      <div class="text-center">
        <small>[<span><strong>Powered by</strong></span> <img src="https://markbind.org/favicon.ico" width="30"> <a href="https://markbind.org/">MarkBind 5.4.0</a>]</small>
      </div>
    </footer>
  </div>
</body>
<script src="/markbind/js/bootstrap-utility.min.js"></script>
<script>
  MarkBind.setupWithSearch()
</script>

</html>